../Core/Src/ds18b20.c:18:22:DelayMicro	16	static
../Core/Src/ds18b20.c:30:6:PortTemperature_init	8	static
../Core/Src/ds18b20.c:39:9:ds18b20_Reset	16	static
../Core/Src/ds18b20.c:51:9:ds18b20_ReadBit	16	static
../Core/Src/ds18b20.c:64:9:ds18b20_ReadByte	16	static
../Core/Src/ds18b20.c:72:6:ds18b20_WriteBit	16	static
../Core/Src/ds18b20.c:79:6:ds18b20_WriteByte	24	static
../Core/Src/ds18b20.c:89:9:ds18b20_init	16	static
../Core/Src/ds18b20.c:102:6:ds18b20_MeasureTemperCmd	16	static
../Core/Src/ds18b20.c:113:6:ds18b20_ReadStratcpad	32	static
../Core/Src/ds18b20.c:128:9:ds18b20_GetSign	16	static
../Core/Src/ds18b20.c:138:7:ds18b20_Convert	24	static
../Core/Src/ds18b20.c:147:6:TemperatureReading	8	static
