../Drivers/CMSIS/Include/core_cm4.h:1688:22:__NVIC_EnableIRQ	16	static
../Core/Src/main.c:65:6:configUART2	4	static
../Core/Src/main.c:84:6:configGPIO	4	static
../Core/Src/main.c:125:6:HAL_UART_RxCpltCallback	16	static
../Core/Src/main.c:141:6:HAL_UART_TxCpltCallback	16	static
../Core/Src/main.c:157:6:TimerSetting	8	static
../Core/Src/main.c:167:6:SendImpuls	4	static
../Core/Src/main.c:171:5:main	24	static
../Core/Src/main.c:228:6:SystemClock_Config	88	static
../Core/Src/main.c:273:13:MX_SPI1_Init	8	static
../Core/Src/main.c:311:13:MX_TIM2_Init	32	static
../Core/Src/main.c:356:13:MX_USART2_UART_Init	8	static
../Core/Src/main.c:390:13:MX_GPIO_Init	40	static
../Core/Src/main.c:442:6:Error_Handler	4	static,ignoring_inline_asm
