../Drivers/CMSIS/Include/core_cm4.h:1688:22:__NVIC_EnableIRQ	16	static
../Core/Src/main.c:66:6:USARTADD	4	static
../Core/Src/main.c:106:6:configGPIO	4	static
../Core/Src/main.c:147:6:HAL_UART_RxCpltCallback	16	static
../Core/Src/main.c:163:6:HAL_UART_TxCpltCallback	16	static
../Core/Src/main.c:179:6:TimerSetting	8	static
../Core/Src/main.c:196:6:ViewParam	48	static
../Core/Src/main.c:205:6:SendImpuls	4	static
../Core/Src/main.c:209:5:main	16	static
../Core/Src/main.c:277:6:SystemClock_Config	88	static
../Core/Src/main.c:322:13:MX_SPI1_Init	8	static
../Core/Src/main.c:360:13:MX_TIM2_Init	32	static
../Core/Src/main.c:405:13:MX_USART2_UART_Init	8	static
../Core/Src/main.c:439:13:MX_GPIO_Init	40	static
../Core/Src/main.c:491:6:Error_Handler	4	static,ignoring_inline_asm
