../Core/Src/st7735.c:118:6:ViewInterface	24	static
../Core/Src/st7735.c:127:6:ViewParam	48	static
../Core/Src/st7735.c:142:13:ST7735_GPIO_Init	32	static
../Core/Src/st7735.c:160:13:ST7735_Reset	8	static
../Core/Src/st7735.c:167:13:ST7735_WriteCommand	16	static
../Core/Src/st7735.c:178:13:ST7735_WriteData	16	static
../Core/Src/st7735.c:189:13:ST7735_ExecuteCommandList	24	static
../Core/Src/st7735.c:219:13:ST7735_SetAddressWindow	32	static
../Core/Src/st7735.c:237:13:ST7735_WriteChar	48	static
../Core/Src/st7735.c:263:6:ST7735_Init	8	static
../Core/Src/st7735.c:274:6:ST7735_DrawPixel	24	static
../Core/Src/st7735.c:289:6:ST7735_DrawString	40	static
../Core/Src/st7735.c:327:6:ST7735_FillRectangle	32	static
../Core/Src/st7735.c:355:6:ST7735_FillScreen	24	static
../Core/Src/st7735.c:360:6:ST7735_DrawImage	40	static
../Core/Src/st7735.c:388:6:ST7735_InvertColors	16	static
../Core/Src/st7735.c:401:6:ST7735_DrawCircle	32	static
../Core/Src/st7735.c:441:6:ST7735_DrawCircleHelper	32	static
../Core/Src/st7735.c:487:6:ST7735_FillCircle	32	static
../Core/Src/st7735.c:498:6:ST7735_FillCircleHelper	32	static
../Core/Src/st7735.c:535:6:ST7735_DrawEllipse	48	static
../Core/Src/st7735.c:579:6:ST7735_FillEllipse	48	static
../Core/Src/st7735.c:623:6:ST7735_DrawRect	24	static
../Core/Src/st7735.c:636:6:ST7735_DrawRoundRect	32	static
../Core/Src/st7735.c:655:6:ST7735_FillRoundRect	32	static
../Core/Src/st7735.c:670:6:ST7735_DrawTriangle	32	static
../Core/Src/st7735.c:682:6:ST7735_FillTriangle	64	static
../Core/Src/st7735.c:765:6:ST7735_DrawLine	48	static
../Core/Src/st7735.c:819:6:ST7735_DrawFastVLine	32	static
../Core/Src/st7735.c:832:6:ST7735_DrawFastHLine	32	static
../Core/Src/st7735.c:845:6:ST7735_SetRotation	24	static
../Core/Src/st7735.c:899:9:ST7735_GetRotation	4	static
../Core/Src/st7735.c:904:9:ST7735_GetHeight	4	static
../Core/Src/st7735.c:909:9:ST7735_GetWidth	4	static
../Core/Src/st7735.c:914:6:IndicationStartExperiment	8	static
../Core/Src/st7735.c:918:6:IndicationStartHeating	8	static
../Core/Src/st7735.c:922:6:IndicationStopHeating	8	static
