../Core/Src/st7735.c:116:6:IndicationStartHeating	8	static
../Core/Src/st7735.c:120:6:IndicationStopHeating	8	static
../Core/Src/st7735.c:124:6:ViewParam	48	static
../Core/Src/st7735.c:140:13:ST7735_GPIO_Init	32	static
../Core/Src/st7735.c:158:13:ST7735_Reset	8	static
../Core/Src/st7735.c:165:13:ST7735_WriteCommand	16	static
../Core/Src/st7735.c:176:13:ST7735_WriteData	16	static
../Core/Src/st7735.c:187:13:ST7735_ExecuteCommandList	24	static
../Core/Src/st7735.c:217:13:ST7735_SetAddressWindow	32	static
../Core/Src/st7735.c:235:13:ST7735_WriteChar	48	static
../Core/Src/st7735.c:261:6:ST7735_Init	8	static
../Core/Src/st7735.c:272:6:ST7735_DrawPixel	24	static
../Core/Src/st7735.c:287:6:ST7735_DrawString	40	static
../Core/Src/st7735.c:325:6:ST7735_FillRectangle	32	static
../Core/Src/st7735.c:353:6:ST7735_FillScreen	24	static
../Core/Src/st7735.c:358:6:ST7735_DrawImage	40	static
../Core/Src/st7735.c:386:6:ST7735_InvertColors	16	static
../Core/Src/st7735.c:399:6:ST7735_DrawCircle	32	static
../Core/Src/st7735.c:439:6:ST7735_DrawCircleHelper	32	static
../Core/Src/st7735.c:485:6:ST7735_FillCircle	32	static
../Core/Src/st7735.c:496:6:ST7735_FillCircleHelper	32	static
../Core/Src/st7735.c:533:6:ST7735_DrawEllipse	48	static
../Core/Src/st7735.c:577:6:ST7735_FillEllipse	48	static
../Core/Src/st7735.c:621:6:ST7735_DrawRect	24	static
../Core/Src/st7735.c:634:6:ST7735_DrawRoundRect	32	static
../Core/Src/st7735.c:653:6:ST7735_FillRoundRect	32	static
../Core/Src/st7735.c:668:6:ST7735_DrawTriangle	32	static
../Core/Src/st7735.c:680:6:ST7735_FillTriangle	64	static
../Core/Src/st7735.c:763:6:ST7735_DrawLine	48	static
../Core/Src/st7735.c:817:6:ST7735_DrawFastVLine	32	static
../Core/Src/st7735.c:830:6:ST7735_DrawFastHLine	32	static
../Core/Src/st7735.c:843:6:ST7735_SetRotation	24	static
../Core/Src/st7735.c:897:9:ST7735_GetRotation	4	static
../Core/Src/st7735.c:902:9:ST7735_GetHeight	4	static
../Core/Src/st7735.c:907:9:ST7735_GetWidth	4	static
