../Core/Src/st7735.c:117:6:ViewParam	48	static
../Core/Src/st7735.c:133:13:ST7735_GPIO_Init	32	static
../Core/Src/st7735.c:151:13:ST7735_Reset	8	static
../Core/Src/st7735.c:158:13:ST7735_WriteCommand	16	static
../Core/Src/st7735.c:169:13:ST7735_WriteData	16	static
../Core/Src/st7735.c:180:13:ST7735_ExecuteCommandList	24	static
../Core/Src/st7735.c:210:13:ST7735_SetAddressWindow	32	static
../Core/Src/st7735.c:228:13:ST7735_WriteChar	48	static
../Core/Src/st7735.c:254:6:ST7735_Init	8	static
../Core/Src/st7735.c:265:6:ST7735_DrawPixel	24	static
../Core/Src/st7735.c:280:6:ST7735_DrawString	40	static
../Core/Src/st7735.c:318:6:ST7735_FillRectangle	32	static
../Core/Src/st7735.c:346:6:ST7735_FillScreen	24	static
../Core/Src/st7735.c:351:6:ST7735_DrawImage	40	static
../Core/Src/st7735.c:379:6:ST7735_InvertColors	16	static
../Core/Src/st7735.c:392:6:ST7735_DrawCircle	32	static
../Core/Src/st7735.c:432:6:ST7735_DrawCircleHelper	32	static
../Core/Src/st7735.c:478:6:ST7735_FillCircle	32	static
../Core/Src/st7735.c:489:6:ST7735_FillCircleHelper	32	static
../Core/Src/st7735.c:526:6:ST7735_DrawEllipse	48	static
../Core/Src/st7735.c:570:6:ST7735_FillEllipse	48	static
../Core/Src/st7735.c:614:6:ST7735_DrawRect	24	static
../Core/Src/st7735.c:627:6:ST7735_DrawRoundRect	32	static
../Core/Src/st7735.c:646:6:ST7735_FillRoundRect	32	static
../Core/Src/st7735.c:661:6:ST7735_DrawTriangle	32	static
../Core/Src/st7735.c:673:6:ST7735_FillTriangle	64	static
../Core/Src/st7735.c:756:6:ST7735_DrawLine	48	static
../Core/Src/st7735.c:810:6:ST7735_DrawFastVLine	32	static
../Core/Src/st7735.c:823:6:ST7735_DrawFastHLine	32	static
../Core/Src/st7735.c:836:6:ST7735_SetRotation	24	static
../Core/Src/st7735.c:890:9:ST7735_GetRotation	4	static
../Core/Src/st7735.c:895:9:ST7735_GetHeight	4	static
../Core/Src/st7735.c:900:9:ST7735_GetWidth	4	static
../Core/Src/st7735.c:905:6:IndicationStartExperiment	8	static
../Core/Src/st7735.c:909:6:IndicationStartHeating	8	static
../Core/Src/st7735.c:913:6:IndicationStopHeating	8	static
