../Core/Src/st7735.c:119:6:ViewParam	48	static
../Core/Src/st7735.c:135:13:ST7735_GPIO_Init	32	static
../Core/Src/st7735.c:153:13:ST7735_Reset	8	static
../Core/Src/st7735.c:160:13:ST7735_WriteCommand	16	static
../Core/Src/st7735.c:171:13:ST7735_WriteData	16	static
../Core/Src/st7735.c:182:13:ST7735_ExecuteCommandList	24	static
../Core/Src/st7735.c:212:13:ST7735_SetAddressWindow	32	static
../Core/Src/st7735.c:230:13:ST7735_WriteChar	48	static
../Core/Src/st7735.c:256:6:ST7735_Init	8	static
../Core/Src/st7735.c:267:6:ST7735_DrawPixel	24	static
../Core/Src/st7735.c:282:6:ST7735_DrawString	40	static
../Core/Src/st7735.c:320:6:ST7735_FillRectangle	32	static
../Core/Src/st7735.c:348:6:ST7735_FillScreen	24	static
../Core/Src/st7735.c:353:6:ST7735_DrawImage	40	static
../Core/Src/st7735.c:381:6:ST7735_InvertColors	16	static
../Core/Src/st7735.c:394:6:ST7735_DrawCircle	32	static
../Core/Src/st7735.c:434:6:ST7735_DrawCircleHelper	32	static
../Core/Src/st7735.c:480:6:ST7735_FillCircle	32	static
../Core/Src/st7735.c:491:6:ST7735_FillCircleHelper	32	static
../Core/Src/st7735.c:528:6:ST7735_DrawEllipse	48	static
../Core/Src/st7735.c:572:6:ST7735_FillEllipse	48	static
../Core/Src/st7735.c:616:6:ST7735_DrawRect	24	static
../Core/Src/st7735.c:629:6:ST7735_DrawRoundRect	32	static
../Core/Src/st7735.c:648:6:ST7735_FillRoundRect	32	static
../Core/Src/st7735.c:663:6:ST7735_DrawTriangle	32	static
../Core/Src/st7735.c:675:6:ST7735_FillTriangle	64	static
../Core/Src/st7735.c:758:6:ST7735_DrawLine	48	static
../Core/Src/st7735.c:812:6:ST7735_DrawFastVLine	32	static
../Core/Src/st7735.c:825:6:ST7735_DrawFastHLine	32	static
../Core/Src/st7735.c:838:6:ST7735_SetRotation	24	static
../Core/Src/st7735.c:892:9:ST7735_GetRotation	4	static
../Core/Src/st7735.c:897:9:ST7735_GetHeight	4	static
../Core/Src/st7735.c:902:9:ST7735_GetWidth	4	static
