../Core/Src/st7735.c:119:13:ST7735_GPIO_Init	32	static
../Core/Src/st7735.c:137:13:ST7735_Reset	8	static
../Core/Src/st7735.c:144:13:ST7735_WriteCommand	16	static
../Core/Src/st7735.c:155:13:ST7735_WriteData	16	static
../Core/Src/st7735.c:166:13:ST7735_ExecuteCommandList	24	static
../Core/Src/st7735.c:196:13:ST7735_SetAddressWindow	32	static
../Core/Src/st7735.c:214:13:ST7735_WriteChar	48	static
../Core/Src/st7735.c:240:6:ST7735_Init	8	static
../Core/Src/st7735.c:251:6:ST7735_DrawPixel	24	static
../Core/Src/st7735.c:266:6:ST7735_DrawString	40	static
../Core/Src/st7735.c:304:6:ST7735_FillRectangle	32	static
../Core/Src/st7735.c:332:6:ST7735_FillScreen	24	static
../Core/Src/st7735.c:337:6:ST7735_DrawImage	40	static
../Core/Src/st7735.c:365:6:ST7735_InvertColors	16	static
../Core/Src/st7735.c:378:6:ST7735_DrawCircle	32	static
../Core/Src/st7735.c:418:6:ST7735_DrawCircleHelper	32	static
../Core/Src/st7735.c:464:6:ST7735_FillCircle	32	static
../Core/Src/st7735.c:475:6:ST7735_FillCircleHelper	32	static
../Core/Src/st7735.c:512:6:ST7735_DrawEllipse	48	static
../Core/Src/st7735.c:556:6:ST7735_FillEllipse	48	static
../Core/Src/st7735.c:600:6:ST7735_DrawRect	24	static
../Core/Src/st7735.c:613:6:ST7735_DrawRoundRect	32	static
../Core/Src/st7735.c:632:6:ST7735_FillRoundRect	32	static
../Core/Src/st7735.c:647:6:ST7735_DrawTriangle	32	static
../Core/Src/st7735.c:659:6:ST7735_FillTriangle	64	static
../Core/Src/st7735.c:742:6:ST7735_DrawLine	48	static
../Core/Src/st7735.c:796:6:ST7735_DrawFastVLine	32	static
../Core/Src/st7735.c:809:6:ST7735_DrawFastHLine	32	static
../Core/Src/st7735.c:822:6:ST7735_SetRotation	24	static
../Core/Src/st7735.c:876:9:ST7735_GetRotation	4	static
../Core/Src/st7735.c:881:9:ST7735_GetHeight	4	static
../Core/Src/st7735.c:886:9:ST7735_GetWidth	4	static
