../Core/Src/st7735.c:123:13:ST7735_GPIO_Init	32	static
../Core/Src/st7735.c:141:13:ST7735_Reset	8	static
../Core/Src/st7735.c:148:13:ST7735_WriteCommand	16	static
../Core/Src/st7735.c:159:13:ST7735_WriteData	16	static
../Core/Src/st7735.c:170:13:ST7735_ExecuteCommandList	24	static
../Core/Src/st7735.c:200:13:ST7735_SetAddressWindow	32	static
../Core/Src/st7735.c:218:13:ST7735_WriteChar	48	static
../Core/Src/st7735.c:244:6:ST7735_Init	8	static
../Core/Src/st7735.c:255:6:ST7735_DrawPixel	24	static
../Core/Src/st7735.c:270:6:ST7735_DrawString	32	static
../Core/Src/st7735.c:307:6:ST7735_FillRectangle	32	static
../Core/Src/st7735.c:335:6:ST7735_FillScreen	24	static
../Core/Src/st7735.c:340:6:ST7735_DrawImage	40	static
../Core/Src/st7735.c:368:6:ST7735_InvertColors	16	static
../Core/Src/st7735.c:381:6:ST7735_DrawCircle	32	static
../Core/Src/st7735.c:421:6:ST7735_DrawCircleHelper	32	static
../Core/Src/st7735.c:467:6:ST7735_FillCircle	32	static
../Core/Src/st7735.c:478:6:ST7735_FillCircleHelper	32	static
../Core/Src/st7735.c:515:6:ST7735_DrawEllipse	48	static
../Core/Src/st7735.c:559:6:ST7735_FillEllipse	48	static
../Core/Src/st7735.c:603:6:ST7735_DrawRect	24	static
../Core/Src/st7735.c:616:6:ST7735_DrawRoundRect	32	static
../Core/Src/st7735.c:635:6:ST7735_FillRoundRect	32	static
../Core/Src/st7735.c:650:6:ST7735_DrawTriangle	32	static
../Core/Src/st7735.c:662:6:ST7735_FillTriangle	64	static
../Core/Src/st7735.c:745:6:ST7735_DrawLine	48	static
../Core/Src/st7735.c:799:6:ST7735_DrawFastVLine	32	static
../Core/Src/st7735.c:812:6:ST7735_DrawFastHLine	32	static
../Core/Src/st7735.c:825:6:ST7735_SetRotation	24	static
../Core/Src/st7735.c:879:9:ST7735_GetRotation	4	static
../Core/Src/st7735.c:884:9:ST7735_GetHeight	4	static
../Core/Src/st7735.c:889:9:ST7735_GetWidth	4	static
