../Drivers/CMSIS/Include/core_cm4.h:1688:22:__NVIC_EnableIRQ	16	static
../Core/Src/UsartProtocol.c:18:6:USARTADD	8	static
../Core/Src/UsartProtocol.c:57:6:ReadStringofDate	16	static
../Core/Src/UsartProtocol.c:65:6:getTXString	16	static
../Core/Src/UsartProtocol.c:84:6:ReadComandFromBuffer	4	static
../Core/Src/UsartProtocol.c:99:6:ReadPSCandARRFromBuffer	4	static
../Core/Src/UsartProtocol.c:113:6:ReadTimeFromBuffer	4	static
../Core/Src/UsartProtocol.c:124:6:ReadTemperatureFromBuffer	4	static
../Core/Src/UsartProtocol.c:130:6:HeatingWithTimer	8	static
../Core/Src/UsartProtocol.c:163:6:WaitingForCommands	4	static
../Core/Src/UsartProtocol.c:171:6:HeatingWithoutTimer	4	static
../Core/Src/UsartProtocol.c:187:6:StopHeating	8	static
../Core/Src/UsartProtocol.c:193:6:CommandControl	8	static
