../Drivers/CMSIS/Include/core_cm4.h:1688:22:__NVIC_EnableIRQ	16	static
../Drivers/CMSIS/Include/core_cm4.h:1816:22:__NVIC_SetPriority	16	static
../Core/Src/UsartProtocol.c:26:6:USARTADD	8	static
../Core/Src/UsartProtocol.c:66:6:PreparCommandToSentComputer	48	static
../Core/Src/UsartProtocol.c:109:6:SendDataToComputer	16	static
../Core/Src/UsartProtocol.c:121:6:ReadStringofDate	16	static
../Core/Src/UsartProtocol.c:129:6:getTXString	16	static
../Core/Src/UsartProtocol.c:148:6:ReadComandFromBuffer	4	static
../Core/Src/UsartProtocol.c:162:6:ReadExperimentNumber	4	static
../Core/Src/UsartProtocol.c:169:6:ReadPSCandARRFromBuffer	4	static
../Core/Src/UsartProtocol.c:182:6:ReadTimeFromBuffer	4	static
../Core/Src/UsartProtocol.c:192:6:ReadTemperatureFromBuffer	4	static
../Core/Src/UsartProtocol.c:198:6:TemperatureComparison	16	static
../Core/Src/UsartProtocol.c:228:6:HeatingWithTimer	8	static
../Core/Src/UsartProtocol.c:242:6:WaitingForCommands	4	static
../Core/Src/UsartProtocol.c:250:6:HeatingWithoutTimer	8	static
../Core/Src/UsartProtocol.c:262:6:StopHeating	8	static
../Core/Src/UsartProtocol.c:274:6:CommandControl	8	static
