../Drivers/CMSIS/Include/core_cm4.h:1688:22:__NVIC_EnableIRQ	16	static
../Drivers/CMSIS/Include/core_cm4.h:1816:22:__NVIC_SetPriority	16	static
../Core/Src/UsartProtocol.c:25:6:USART_Init	8	static
../Core/Src/UsartProtocol.c:65:6:PreparCommandToSentComputer	48	static
../Core/Src/UsartProtocol.c:108:6:SendDataToComputer	16	static
../Core/Src/UsartProtocol.c:120:6:ReadStringofDate	16	static
../Core/Src/UsartProtocol.c:128:6:getTXString	16	static
../Core/Src/UsartProtocol.c:147:6:ReadComandFromBuffer	4	static
../Core/Src/UsartProtocol.c:161:6:ReadExperimentNumber	4	static
../Core/Src/UsartProtocol.c:168:6:ReadPSCandARRFromBuffer	4	static
../Core/Src/UsartProtocol.c:181:6:ReadTimeFromBuffer	8	static
../Core/Src/UsartProtocol.c:192:6:ReadTemperatureFromBuffer	4	static
../Core/Src/UsartProtocol.c:198:6:TemperatureComparison	16	static
../Core/Src/UsartProtocol.c:228:6:HeatingWithTimer	8	static
../Core/Src/UsartProtocol.c:240:6:WaitingForCommands	4	static
../Core/Src/UsartProtocol.c:248:6:HeatingWithoutTimer	8	static
../Core/Src/UsartProtocol.c:260:6:StopHeating	8	static
../Core/Src/UsartProtocol.c:271:6:CommandControl	8	static
