Archive member included to satisfy reference by file (symbol)

c:/st/stm32cubeide_1.7.0/stm32cubeide/plugins/com.st.stm32cube.ide.mcu.externaltools.gnu-tools-for-stm32.10.3-2021.10.win32_1.0.0.202111181127/tools/bin/../lib/gcc/arm-none-eabi/10.3.1/../../../../arm-none-eabi/lib/thumb/v7e-m+fp/hard\libc_nano.a(lib_a-errno.o)
                              ./Core/Src/syscalls.o (__errno)
c:/st/stm32cubeide_1.7.0/stm32cubeide/plugins/com.st.stm32cube.ide.mcu.externaltools.gnu-tools-for-stm32.10.3-2021.10.win32_1.0.0.202111181127/tools/bin/../lib/gcc/arm-none-eabi/10.3.1/../../../../arm-none-eabi/lib/thumb/v7e-m+fp/hard\libc_nano.a(lib_a-exit.o)
                              c:/st/stm32cubeide_1.7.0/stm32cubeide/plugins/com.st.stm32cube.ide.mcu.externaltools.gnu-tools-for-stm32.10.3-2021.10.win32_1.0.0.202111181127/tools/bin/../lib/gcc/arm-none-eabi/10.3.1/../../../../arm-none-eabi/lib/thumb/v7e-m+fp/hard/crt0.o (exit)
c:/st/stm32cubeide_1.7.0/stm32cubeide/plugins/com.st.stm32cube.ide.mcu.externaltools.gnu-tools-for-stm32.10.3-2021.10.win32_1.0.0.202111181127/tools/bin/../lib/gcc/arm-none-eabi/10.3.1/../../../../arm-none-eabi/lib/thumb/v7e-m+fp/hard\libc_nano.a(lib_a-impure.o)
                              c:/st/stm32cubeide_1.7.0/stm32cubeide/plugins/com.st.stm32cube.ide.mcu.externaltools.gnu-tools-for-stm32.10.3-2021.10.win32_1.0.0.202111181127/tools/bin/../lib/gcc/arm-none-eabi/10.3.1/../../../../arm-none-eabi/lib/thumb/v7e-m+fp/hard\libc_nano.a(lib_a-exit.o) (_global_impure_ptr)
c:/st/stm32cubeide_1.7.0/stm32cubeide/plugins/com.st.stm32cube.ide.mcu.externaltools.gnu-tools-for-stm32.10.3-2021.10.win32_1.0.0.202111181127/tools/bin/../lib/gcc/arm-none-eabi/10.3.1/../../../../arm-none-eabi/lib/thumb/v7e-m+fp/hard\libc_nano.a(lib_a-init.o)
                              c:/st/stm32cubeide_1.7.0/stm32cubeide/plugins/com.st.stm32cube.ide.mcu.externaltools.gnu-tools-for-stm32.10.3-2021.10.win32_1.0.0.202111181127/tools/bin/../lib/gcc/arm-none-eabi/10.3.1/../../../../arm-none-eabi/lib/thumb/v7e-m+fp/hard/crt0.o (__libc_init_array)
c:/st/stm32cubeide_1.7.0/stm32cubeide/plugins/com.st.stm32cube.ide.mcu.externaltools.gnu-tools-for-stm32.10.3-2021.10.win32_1.0.0.202111181127/tools/bin/../lib/gcc/arm-none-eabi/10.3.1/../../../../arm-none-eabi/lib/thumb/v7e-m+fp/hard\libc_nano.a(lib_a-memset.o)
                              c:/st/stm32cubeide_1.7.0/stm32cubeide/plugins/com.st.stm32cube.ide.mcu.externaltools.gnu-tools-for-stm32.10.3-2021.10.win32_1.0.0.202111181127/tools/bin/../lib/gcc/arm-none-eabi/10.3.1/../../../../arm-none-eabi/lib/thumb/v7e-m+fp/hard/crt0.o (memset)
c:/st/stm32cubeide_1.7.0/stm32cubeide/plugins/com.st.stm32cube.ide.mcu.externaltools.gnu-tools-for-stm32.10.3-2021.10.win32_1.0.0.202111181127/tools/bin/../lib/gcc/arm-none-eabi/10.3.1/thumb/v7e-m+fp/hard\libgcc.a(_aeabi_uldivmod.o)
                              ./Drivers/STM32F4xx_HAL_Driver/Src/stm32f4xx_hal_rcc.o (__aeabi_uldivmod)
c:/st/stm32cubeide_1.7.0/stm32cubeide/plugins/com.st.stm32cube.ide.mcu.externaltools.gnu-tools-for-stm32.10.3-2021.10.win32_1.0.0.202111181127/tools/bin/../lib/gcc/arm-none-eabi/10.3.1/thumb/v7e-m+fp/hard\libgcc.a(_udivmoddi4.o)
                              c:/st/stm32cubeide_1.7.0/stm32cubeide/plugins/com.st.stm32cube.ide.mcu.externaltools.gnu-tools-for-stm32.10.3-2021.10.win32_1.0.0.202111181127/tools/bin/../lib/gcc/arm-none-eabi/10.3.1/thumb/v7e-m+fp/hard\libgcc.a(_aeabi_uldivmod.o) (__udivmoddi4)
c:/st/stm32cubeide_1.7.0/stm32cubeide/plugins/com.st.stm32cube.ide.mcu.externaltools.gnu-tools-for-stm32.10.3-2021.10.win32_1.0.0.202111181127/tools/bin/../lib/gcc/arm-none-eabi/10.3.1/thumb/v7e-m+fp/hard\libgcc.a(_dvmd_tls.o)
                              c:/st/stm32cubeide_1.7.0/stm32cubeide/plugins/com.st.stm32cube.ide.mcu.externaltools.gnu-tools-for-stm32.10.3-2021.10.win32_1.0.0.202111181127/tools/bin/../lib/gcc/arm-none-eabi/10.3.1/thumb/v7e-m+fp/hard\libgcc.a(_aeabi_uldivmod.o) (__aeabi_ldiv0)

Discarded input sections

 .text          0x0000000000000000        0x0 c:/st/stm32cubeide_1.7.0/stm32cubeide/plugins/com.st.stm32cube.ide.mcu.externaltools.gnu-tools-for-stm32.10.3-2021.10.win32_1.0.0.202111181127/tools/bin/../lib/gcc/arm-none-eabi/10.3.1/thumb/v7e-m+fp/hard/crti.o
 .data          0x0000000000000000        0x0 c:/st/stm32cubeide_1.7.0/stm32cubeide/plugins/com.st.stm32cube.ide.mcu.externaltools.gnu-tools-for-stm32.10.3-2021.10.win32_1.0.0.202111181127/tools/bin/../lib/gcc/arm-none-eabi/10.3.1/thumb/v7e-m+fp/hard/crti.o
 .bss           0x0000000000000000        0x0 c:/st/stm32cubeide_1.7.0/stm32cubeide/plugins/com.st.stm32cube.ide.mcu.externaltools.gnu-tools-for-stm32.10.3-2021.10.win32_1.0.0.202111181127/tools/bin/../lib/gcc/arm-none-eabi/10.3.1/thumb/v7e-m+fp/hard/crti.o
[...]
Memory Configuration

Name             Origin             Length             Attributes
RAM              0x0000000020000000 0x0000000000010000 xrw
FLASH            0x0000000008000000 0x0000000000040000 xr
*default*        0x0000000000000000 0xffffffffffffffff

Linker script and memory map

LOAD c:/st/stm32cubeide_1.7.0/stm32cubeide/plugins/com.st.stm32cube.ide.mcu.externaltools.gnu-tools-for-stm32.10.3-2021.10.win32_1.0.0.202111181127/tools/bin/../lib/gcc/arm-none-eabi/10.3.1/thumb/v7e-m+fp/hard/crti.o
LOAD c:/st/stm32cubeide_1.7.0/stm32cubeide/plugins/com.st.stm32cube.ide.mcu.externaltools.gnu-tools-for-stm32.10.3-2021.10.win32_1.0.0.202111181127/tools/bin/../lib/gcc/arm-none-eabi/10.3.1/thumb/v7e-m+fp/hard/crtbegin.o
LOAD c:/st/stm32cubeide_1.7.0/stm32cubeide/plugins/com.st.stm32cube.ide.mcu.externaltools.gnu-tools-for-stm32.10.3-2021.10.win32_1.0.0.202111181127/tools/bin/../lib/gcc/arm-none-eabi/10.3.1/../../../../arm-none-eabi/lib/thumb/v7e-m+fp/hard/crt0.o
LOAD ./Core/Src/HeatingControl.o
LOAD ./Core/Src/UsartProtocol.o
LOAD ./Core/Src/ds18b20.o
LOAD ./Core/Src/fonts.o
LOAD ./Core/Src/main.o
LOAD ./Core/Src/st7735.o
LOAD ./Core/Src/stm32f4xx_hal_msp.o
LOAD ./Core/Src/stm32f4xx_it.o
LOAD ./Core/Src/syscalls.o
LOAD ./Core/Src/sysmem.o
LOAD ./Core/Src/system_stm32f4xx.o
LOAD ./Core/Startup/startup_stm32f401vctx.o
LOAD ./Drivers/STM32F4xx_HAL_Driver/Src/stm32f4xx_hal.o
LOAD ./Drivers/STM32F4xx_HAL_Driver/Src/stm32f4xx_hal_cortex.o
LOAD ./Drivers/STM32F4xx_HAL_Driver/Src/stm32f4xx_hal_dma.o
LOAD ./Drivers/STM32F4xx_HAL_Driver/Src/stm32f4xx_hal_dma_ex.o
LOAD ./Drivers/STM32F4xx_HAL_Driver/Src/stm32f4xx_hal_exti.o
LOAD ./Drivers/STM32F4xx_HAL_Driver/Src/stm32f4xx_hal_flash.o
LOAD ./Drivers/STM32F4xx_HAL_Driver/Src/stm32f4xx_hal_flash_ex.o
LOAD ./Drivers/STM32F4xx_HAL_Driver/Src/stm32f4xx_hal_flash_ramfunc.o
LOAD ./Drivers/STM32F4xx_HAL_Driver/Src/stm32f4xx_hal_gpio.o
LOAD ./Drivers/STM32F4xx_HAL_Driver/Src/stm32f4xx_hal_pwr.o
LOAD ./Drivers/STM32F4xx_HAL_Driver/Src/stm32f4xx_hal_pwr_ex.o
LOAD ./Drivers/STM32F4xx_HAL_Driver/Src/stm32f4xx_hal_rcc.o
LOAD ./Drivers/STM32F4xx_HAL_Driver/Src/stm32f4xx_hal_rcc_ex.o
LOAD ./Drivers/STM32F4xx_HAL_Driver/Src/stm32f4xx_hal_spi.o
LOAD ./Drivers/STM32F4xx_HAL_Driver/Src/stm32f4xx_hal_tim.o
LOAD ./Drivers/STM32F4xx_HAL_Driver/Src/stm32f4xx_hal_tim_ex.o
LOAD ./Drivers/STM32F4xx_HAL_Driver/Src/stm32f4xx_hal_uart.o
START GROUP
LOAD c:/st/stm32cubeide_1.7.0/stm32cubeide/plugins/com.st.stm32cube.ide.mcu.externaltools.gnu-tools-for-stm32.10.3-2021.10.win32_1.0.0.202111181127/tools/bin/../lib/gcc/arm-none-eabi/10.3.1/../../../../arm-none-eabi/lib/thumb/v7e-m+fp/hard\libc_nano.a
LOAD c:/st/stm32cubeide_1.7.0/stm32cubeide/plugins/com.st.stm32cube.ide.mcu.externaltools.gnu-tools-for-stm32.10.3-2021.10.win32_1.0.0.202111181127/tools/bin/../lib/gcc/arm-none-eabi/10.3.1/../../../../arm-none-eabi/lib/thumb/v7e-m+fp/hard\libm.a
END GROUP
START GROUP
LOAD c:/st/stm32cubeide_1.7.0/stm32cubeide/plugins/com.st.stm32cube.ide.mcu.externaltools.gnu-tools-for-stm32.10.3-2021.10.win32_1.0.0.202111181127/tools/bin/../lib/gcc/arm-none-eabi/10.3.1/thumb/v7e-m+fp/hard\libgcc.a
LOAD c:/st/stm32cubeide_1.7.0/stm32cubeide/plugins/com.st.stm32cube.ide.mcu.externaltools.gnu-tools-for-stm32.10.3-2021.10.win32_1.0.0.202111181127/tools/bin/../lib/gcc/arm-none-eabi/10.3.1/../../../../arm-none-eabi/lib/thumb/v7e-m+fp/hard\libc_nano.a
END GROUP
START GROUP
LOAD c:/st/stm32cubeide_1.7.0/stm32cubeide/plugins/com.st.stm32cube.ide.mcu.externaltools.gnu-tools-for-stm32.10.3-2021.10.win32_1.0.0.202111181127/tools/bin/../lib/gcc/arm-none-eabi/10.3.1/thumb/v7e-m+fp/hard\libgcc.a
LOAD c:/st/stm32cubeide_1.7.0/stm32cubeide/plugins/com.st.stm32cube.ide.mcu.externaltools.gnu-tools-for-stm32.10.3-2021.10.win32_1.0.0.202111181127/tools/bin/../lib/gcc/arm-none-eabi/10.3.1/../../../../arm-none-eabi/lib/thumb/v7e-m+fp/hard\libc_nano.a
LOAD c:/st/stm32cubeide_1.7.0/stm32cubeide/plugins/com.st.stm32cube.ide.mcu.externaltools.gnu-tools-for-stm32.10.3-2021.10.win32_1.0.0.202111181127/tools/bin/../lib/gcc/arm-none-eabi/10.3.1/../../../../arm-none-eabi/lib/thumb/v7e-m+fp/hard\libnosys.a
END GROUP
START GROUP
LOAD c:/st/stm32cubeide_1.7.0/stm32cubeide/plugins/com.st.stm32cube.ide.mcu.externaltools.gnu-tools-for-stm32.10.3-2021.10.win32_1.0.0.202111181127/tools/bin/../lib/gcc/arm-none-eabi/10.3.1/thumb/v7e-m+fp/hard\libgcc.a
LOAD c:/st/stm32cubeide_1.7.0/stm32cubeide/plugins/com.st.stm32cube.ide.mcu.externaltools.gnu-tools-for-stm32.10.3-2021.10.win32_1.0.0.202111181127/tools/bin/../lib/gcc/arm-none-eabi/10.3.1/../../../../arm-none-eabi/lib/thumb/v7e-m+fp/hard\libc_nano.a
LOAD c:/st/stm32cubeide_1.7.0/stm32cubeide/plugins/com.st.stm32cube.ide.mcu.externaltools.gnu-tools-for-stm32.10.3-2021.10.win32_1.0.0.202111181127/tools/bin/../lib/gcc/arm-none-eabi/10.3.1/../../../../arm-none-eabi/lib/thumb/v7e-m+fp/hard\libnosys.a
END GROUP
LOAD c:/st/stm32cubeide_1.7.0/stm32cubeide/plugins/com.st.stm32cube.ide.mcu.externaltools.gnu-tools-for-stm32.10.3-2021.10.win32_1.0.0.202111181127/tools/bin/../lib/gcc/arm-none-eabi/10.3.1/thumb/v7e-m+fp/hard/crtend.o
LOAD c:/st/stm32cubeide_1.7.0/stm32cubeide/plugins/com.st.stm32cube.ide.mcu.externaltools.gnu-tools-for-stm32.10.3-2021.10.win32_1.0.0.202111181127/tools/bin/../lib/gcc/arm-none-eabi/10.3.1/thumb/v7e-m+fp/hard/crtn.o
                0x0000000020010000                _estack = (ORIGIN (RAM) + LENGTH (RAM))
                0x0000000000000200                _Min_Heap_Size = 0x200
                0x0000000000000400                _Min_Stack_Size = 0x400

.isr_vector     0x0000000008000000      0x194
                0x0000000008000000                . = ALIGN (0x4)
 *(.isr_vector)
 .isr_vector    0x0000000008000000      0x194 ./Core/Startup/startup_stm32f401vctx.o
                0x0000000008000000                g_pfnVectors
                0x0000000008000194                . = ALIGN (0x4)

.text           0x0000000008000194     0x2be8
                0x0000000008000194                . = ALIGN (0x4)
 *(.text)
 .text          0x0000000008000194       0x40 c:/st/stm32cubeide_1.7.0/stm32cubeide/plugins/com.st.stm32cube.ide.mcu.externaltools.gnu-tools-for-stm32.10.3-2021.10.win32_1.0.0.202111181127/tools/bin/../lib/gcc/arm-none-eabi/10.3.1/thumb/v7e-m+fp/hard/crtbegin.o
 .text          0x00000000080001d4       0x30 c:/st/stm32cubeide_1.7.0/stm32cubeide/plugins/com.st.stm32cube.ide.mcu.externaltools.gnu-tools-for-stm32.10.3-2021.10.win32_1.0.0.202111181127/tools/bin/../lib/gcc/arm-none-eabi/10.3.1/thumb/v7e-m+fp/hard\libgcc.a(_aeabi_uldivmod.o)
                0x00000000080001d4                __aeabi_uldivmod
 .text          0x0000000008000204      0x2d0 c:/st/stm32cubeide_1.7.0/stm32cubeide/plugins/com.st.stm32cube.ide.mcu.externaltools.gnu-tools-for-stm32.10.3-2021.10.win32_1.0.0.202111181127/tools/bin/../lib/gcc/arm-none-eabi/10.3.1/thumb/v7e-m+fp/hard\libgcc.a(_udivmoddi4.o)
                0x0000000008000204                __udivmoddi4
 .text          0x00000000080004d4        0x4 c:/st/stm32cubeide_1.7.0/stm32cubeide/plugins/com.st.stm32cube.ide.mcu.externaltools.gnu-tools-for-stm32.10.3-2021.10.win32_1.0.0.202111181127/tools/bin/../lib/gcc/arm-none-eabi/10.3.1/thumb/v7e-m+fp/hard\libgcc.a(_dvmd_tls.o)
                0x00000000080004d4                __aeabi_idiv0
                0x00000000080004d4                __aeabi_ldiv0
 *(.text*)
 .text.__NVIC_EnableIRQ
                0x00000000080004d8       0x3c ./Core/Src/HeatingControl.o
 .text.OneSecondTimerSetting
                0x0000000008000514       0x50 ./Core/Src/HeatingControl.o
                0x0000000008000514                OneSecondTimerSetting
 .text.SettingHeatingTime
                0x0000000008000564       0x20 ./Core/Src/HeatingControl.o
                0x0000000008000564                SettingHeatingTime
 .text.StartOneSecondTimer
                0x0000000008000584       0x20 ./Core/Src/HeatingControl.o
                0x0000000008000584                StartOneSecondTimer
 .text.StopOneSecondTimer
                0x00000000080005a4       0x20 ./Core/Src/HeatingControl.o
                0x00000000080005a4                StopOneSecondTimer
 .text.FrequencyTimerSetting
                0x00000000080005c4       0x58 ./Core/Src/HeatingControl.o
                0x00000000080005c4                FrequencyTimerSetting
 .text.StartSignalForHeating
                0x000000000800061c       0x1e ./Core/Src/HeatingControl.o
                0x000000000800061c                StartSignalForHeating
 *fill*         0x000000000800063a        0x2 
 .text.StopSignalForHeating
                0x000000000800063c       0x30 ./Core/Src/HeatingControl.o
                0x000000000800063c                StopSignalForHeating
 .text.UpTemperature
                0x000000000800066c       0xb8 ./Core/Src/HeatingControl.o
                0x000000000800066c                UpTemperature
 .text.DownTemperature
                0x0000000008000724       0xb8 ./Core/Src/HeatingControl.o
                0x0000000008000724                DownTemperature
 .text.AutoFrequencySetting
                0x00000000080007dc       0x22 ./Core/Src/HeatingControl.o
                0x00000000080007dc                AutoFrequencySetting
 *fill*         0x00000000080007fe        0x2 
 .text.configGPIO
                0x0000000008000800      0x12c ./Core/Src/HeatingControl.o
                0x0000000008000800                configGPIO
 .text.__NVIC_EnableIRQ
                0x000000000800092c       0x3c ./Core/Src/UsartProtocol.o
 .text.USARTADD
                0x0000000008000968      0x128 ./Core/Src/UsartProtocol.o
                0x0000000008000968                USARTADD
 .text.ReadStringofDate
                0x0000000008000a90       0x3c ./Core/Src/UsartProtocol.o
                0x0000000008000a90                ReadStringofDate
 .text.getTXString
                0x0000000008000acc       0x74 ./Core/Src/UsartProtocol.o
                0x0000000008000acc                getTXString
 .text.ReadComandFromBuffer
                0x0000000008000b40       0x74 ./Core/Src/UsartProtocol.o
                0x0000000008000b40                ReadComandFromBuffer
 .text.ReadTimeFromBuffer
                0x0000000008000bb4       0xc4 ./Core/Src/UsartProtocol.o
                0x0000000008000bb4                ReadTimeFromBuffer
 .text.ReadTemperatureFromBuffer
                0x0000000008000c78       0x70 ./Core/Src/UsartProtocol.o
                0x0000000008000c78                ReadTemperatureFromBuffer
 .text.HeatingWithTimer
                0x0000000008000ce8       0x94 ./Core/Src/UsartProtocol.o
                0x0000000008000ce8                HeatingWithTimer
 .text.WaitingForCommands
                0x0000000008000d7c       0x28 ./Core/Src/UsartProtocol.o
                0x0000000008000d7c                WaitingForCommands
 .text.HeatingWithoutTimer
                0x0000000008000da4        0xe ./Core/Src/UsartProtocol.o
                0x0000000008000da4                HeatingWithoutTimer
 .text.StopHeating
                0x0000000008000db2        0xc ./Core/Src/UsartProtocol.o
                0x0000000008000db2                StopHeating
 *fill*         0x0000000008000dbe        0x2 
 .text.CommandControl
                0x0000000008000dc0       0x48 ./Core/Src/UsartProtocol.o
                0x0000000008000dc0                CommandControl
 .text.main     0x0000000008000e08       0x58 ./Core/Src/main.o
                0x0000000008000e08                main
 .text.SystemClock_Config
                0x0000000008000e60       0xd4 ./Core/Src/main.o
                0x0000000008000e60                SystemClock_Config
 .text.MX_SPI1_Init
                0x0000000008000f34       0x6c ./Core/Src/main.o
 .text.MX_GPIO_Init
                0x0000000008000fa0      0x108 ./Core/Src/main.o
 .text.Error_Handler
                0x00000000080010a8        0xa ./Core/Src/main.o
                0x00000000080010a8                Error_Handler
 *fill*         0x00000000080010b2        0x2 
 .text.ViewParam
                0x00000000080010b4       0x84 ./Core/Src/st7735.o
                0x00000000080010b4                ViewParam
 .text.ST7735_GPIO_Init
                0x0000000008001138       0x64 ./Core/Src/st7735.o
 .text.ST7735_Reset
                0x000000000800119c       0x28 ./Core/Src/st7735.o
 .text.ST7735_WriteCommand
                0x00000000080011c4       0x34 ./Core/Src/st7735.o
 .text.ST7735_WriteData
                0x00000000080011f8       0x34 ./Core/Src/st7735.o
 .text.ST7735_ExecuteCommandList
                0x000000000800122c       0x92 ./Core/Src/st7735.o
 *fill*         0x00000000080012be        0x2 
 .text.ST7735_SetAddressWindow
                0x00000000080012c0       0x90 ./Core/Src/st7735.o
 .text.ST7735_WriteChar
                0x0000000008001350       0xee ./Core/Src/st7735.o
 *fill*         0x000000000800143e        0x2 
 .text.ST7735_Init
                0x0000000008001440       0x48 ./Core/Src/st7735.o
                0x0000000008001440                ST7735_Init
 .text.ST7735_DrawString
                0x0000000008001488       0xdc ./Core/Src/st7735.o
                0x0000000008001488                ST7735_DrawString
 .text.ST7735_FillRectangle
                0x0000000008001564      0x11c ./Core/Src/st7735.o
                0x0000000008001564                ST7735_FillRectangle
 .text.ST7735_FillScreen
                0x0000000008001680       0x38 ./Core/Src/st7735.o
                0x0000000008001680                ST7735_FillScreen
 .text.HAL_MspInit
                0x00000000080016b8       0x50 ./Core/Src/stm32f4xx_hal_msp.o
                0x00000000080016b8                HAL_MspInit
 .text.HAL_SPI_MspInit
                0x0000000008001708       0x90 ./Core/Src/stm32f4xx_hal_msp.o
                0x0000000008001708                HAL_SPI_MspInit
 .text.NMI_Handler
                0x0000000008001798        0x6 ./Core/Src/stm32f4xx_it.o
                0x0000000008001798                NMI_Handler
 .text.HardFault_Handler
                0x000000000800179e        0x6 ./Core/Src/stm32f4xx_it.o
                0x000000000800179e                HardFault_Handler
 .text.MemManage_Handler
                0x00000000080017a4        0x6 ./Core/Src/stm32f4xx_it.o
                0x00000000080017a4                MemManage_Handler
 .text.BusFault_Handler
                0x00000000080017aa        0x6 ./Core/Src/stm32f4xx_it.o
                0x00000000080017aa                BusFault_Handler
 .text.UsageFault_Handler
                0x00000000080017b0        0x6 ./Core/Src/stm32f4xx_it.o
                0x00000000080017b0                UsageFault_Handler
 .text.SVC_Handler
                0x00000000080017b6        0xe ./Core/Src/stm32f4xx_it.o
                0x00000000080017b6                SVC_Handler
 .text.DebugMon_Handler
                0x00000000080017c4        0xe ./Core/Src/stm32f4xx_it.o
                0x00000000080017c4                DebugMon_Handler
 .text.PendSV_Handler
                0x00000000080017d2        0xe ./Core/Src/stm32f4xx_it.o
                0x00000000080017d2                PendSV_Handler
 .text.SysTick_Handler
                0x00000000080017e0        0xc ./Core/Src/stm32f4xx_it.o
                0x00000000080017e0                SysTick_Handler
 .text.TIM2_IRQHandler
                0x00000000080017ec       0x98 ./Core/Src/stm32f4xx_it.o
                0x00000000080017ec                TIM2_IRQHandler
 .text.TIM3_IRQHandler
                0x0000000008001884       0x40 ./Core/Src/stm32f4xx_it.o
                0x0000000008001884                TIM3_IRQHandler
 .text.USART2_IRQHandler
                0x00000000080018c4       0x34 ./Core/Src/stm32f4xx_it.o
                0x00000000080018c4                USART2_IRQHandler
 .text.SystemInit
                0x00000000080018f8       0x24 ./Core/Src/system_stm32f4xx.o
                0x00000000080018f8                SystemInit
 .text.Reset_Handler
                0x000000000800191c       0x50 ./Core/Startup/startup_stm32f401vctx.o
                0x000000000800191c                Reset_Handler
 .text.Default_Handler
                0x000000000800196c        0x2 ./Core/Startup/startup_stm32f401vctx.o
                0x000000000800196c                RTC_Alarm_IRQHandler
                0x000000000800196c                EXTI2_IRQHandler
                0x000000000800196c                SPI4_IRQHandler
                0x000000000800196c                TIM1_CC_IRQHandler
                0x000000000800196c                DMA2_Stream5_IRQHandler
                0x000000000800196c                DMA1_Stream5_IRQHandler
                0x000000000800196c                PVD_IRQHandler
                0x000000000800196c                SDIO_IRQHandler
                0x000000000800196c                TAMP_STAMP_IRQHandler
                0x000000000800196c                EXTI3_IRQHandler
                0x000000000800196c                TIM1_UP_TIM10_IRQHandler
                0x000000000800196c                I2C3_ER_IRQHandler
                0x000000000800196c                EXTI0_IRQHandler
                0x000000000800196c                I2C2_EV_IRQHandler
                0x000000000800196c                DMA1_Stream2_IRQHandler
                0x000000000800196c                FPU_IRQHandler
                0x000000000800196c                DMA2_Stream2_IRQHandler
                0x000000000800196c                SPI1_IRQHandler
                0x000000000800196c                TIM1_BRK_TIM9_IRQHandler
                0x000000000800196c                DMA2_Stream3_IRQHandler
                0x000000000800196c                USART6_IRQHandler
                0x000000000800196c                DMA2_Stream0_IRQHandler
                0x000000000800196c                TIM4_IRQHandler
                0x000000000800196c                I2C1_EV_IRQHandler
                0x000000000800196c                DMA1_Stream6_IRQHandler
                0x000000000800196c                DMA1_Stream1_IRQHandler
                0x000000000800196c                RCC_IRQHandler
                0x000000000800196c                Default_Handler
                0x000000000800196c                EXTI15_10_IRQHandler
                0x000000000800196c                ADC_IRQHandler
                0x000000000800196c                DMA1_Stream7_IRQHandler
                0x000000000800196c                TIM5_IRQHandler
                0x000000000800196c                DMA2_Stream7_IRQHandler
                0x000000000800196c                I2C3_EV_IRQHandler
                0x000000000800196c                EXTI9_5_IRQHandler
                0x000000000800196c                RTC_WKUP_IRQHandler
                0x000000000800196c                SPI2_IRQHandler
                0x000000000800196c                DMA1_Stream0_IRQHandler
                0x000000000800196c                EXTI4_IRQHandler
                0x000000000800196c                WWDG_IRQHandler
                0x000000000800196c                OTG_FS_WKUP_IRQHandler
                0x000000000800196c                TIM1_TRG_COM_TIM11_IRQHandler
                0x000000000800196c                EXTI1_IRQHandler
                0x000000000800196c                I2C2_ER_IRQHandler
                0x000000000800196c                DMA2_Stream1_IRQHandler
                0x000000000800196c                FLASH_IRQHandler
                0x000000000800196c                DMA2_Stream4_IRQHandler
                0x000000000800196c                USART1_IRQHandler
                0x000000000800196c                OTG_FS_IRQHandler
                0x000000000800196c                SPI3_IRQHandler
                0x000000000800196c                DMA1_Stream4_IRQHandler
                0x000000000800196c                I2C1_ER_IRQHandler
                0x000000000800196c                DMA2_Stream6_IRQHandler
                0x000000000800196c                DMA1_Stream3_IRQHandler
 *fill*         0x000000000800196e        0x2 
 .text.HAL_Init
                0x0000000008001970       0x44 ./Drivers/STM32F4xx_HAL_Driver/Src/stm32f4xx_hal.o
                0x0000000008001970                HAL_Init
 .text.HAL_InitTick
                0x00000000080019b4       0x60 ./Drivers/STM32F4xx_HAL_Driver/Src/stm32f4xx_hal.o
                0x00000000080019b4                HAL_InitTick
 .text.HAL_IncTick
                0x0000000008001a14       0x28 ./Drivers/STM32F4xx_HAL_Driver/Src/stm32f4xx_hal.o
                0x0000000008001a14                HAL_IncTick
 .text.HAL_GetTick
                0x0000000008001a3c       0x18 ./Drivers/STM32F4xx_HAL_Driver/Src/stm32f4xx_hal.o
                0x0000000008001a3c                HAL_GetTick
 .text.HAL_Delay
                0x0000000008001a54       0x48 ./Drivers/STM32F4xx_HAL_Driver/Src/stm32f4xx_hal.o
                0x0000000008001a54                HAL_Delay
 .text.__NVIC_SetPriorityGrouping
                0x0000000008001a9c       0x48 ./Drivers/STM32F4xx_HAL_Driver/Src/stm32f4xx_hal_cortex.o
 .text.__NVIC_GetPriorityGrouping
                0x0000000008001ae4       0x1c ./Drivers/STM32F4xx_HAL_Driver/Src/stm32f4xx_hal_cortex.o
 .text.__NVIC_SetPriority
                0x0000000008001b00       0x54 ./Drivers/STM32F4xx_HAL_Driver/Src/stm32f4xx_hal_cortex.o
 .text.NVIC_EncodePriority
                0x0000000008001b54       0x66 ./Drivers/STM32F4xx_HAL_Driver/Src/stm32f4xx_hal_cortex.o
 *fill*         0x0000000008001bba        0x2 
 .text.SysTick_Config
                0x0000000008001bbc       0x44 ./Drivers/STM32F4xx_HAL_Driver/Src/stm32f4xx_hal_cortex.o
 .text.HAL_NVIC_SetPriorityGrouping
                0x0000000008001c00       0x16 ./Drivers/STM32F4xx_HAL_Driver/Src/stm32f4xx_hal_cortex.o
                0x0000000008001c00                HAL_NVIC_SetPriorityGrouping
 .text.HAL_NVIC_SetPriority
                0x0000000008001c16       0x38 ./Drivers/STM32F4xx_HAL_Driver/Src/stm32f4xx_hal_cortex.o
                0x0000000008001c16                HAL_NVIC_SetPriority
 .text.HAL_SYSTICK_Config
                0x0000000008001c4e       0x18 ./Drivers/STM32F4xx_HAL_Driver/Src/stm32f4xx_hal_cortex.o
                0x0000000008001c4e                HAL_SYSTICK_Config
 *fill*         0x0000000008001c66        0x2 
 .text.HAL_GPIO_Init
                0x0000000008001c68      0x308 ./Drivers/STM32F4xx_HAL_Driver/Src/stm32f4xx_hal_gpio.o
                0x0000000008001c68                HAL_GPIO_Init
 .text.HAL_GPIO_WritePin
                0x0000000008001f70       0x32 ./Drivers/STM32F4xx_HAL_Driver/Src/stm32f4xx_hal_gpio.o
                0x0000000008001f70                HAL_GPIO_WritePin
 *fill*         0x0000000008001fa2        0x2 
 .text.HAL_RCC_OscConfig
                0x0000000008001fa4      0x4f0 ./Drivers/STM32F4xx_HAL_Driver/Src/stm32f4xx_hal_rcc.o
                0x0000000008001fa4                HAL_RCC_OscConfig
 .text.HAL_RCC_ClockConfig
                0x0000000008002494      0x1cc ./Drivers/STM32F4xx_HAL_Driver/Src/stm32f4xx_hal_rcc.o
                0x0000000008002494                HAL_RCC_ClockConfig
 .text.HAL_RCC_GetSysClockFreq
                0x0000000008002660      0x18c ./Drivers/STM32F4xx_HAL_Driver/Src/stm32f4xx_hal_rcc.o
                0x0000000008002660                HAL_RCC_GetSysClockFreq
 .text.HAL_SPI_Init
                0x00000000080027ec      0x112 ./Drivers/STM32F4xx_HAL_Driver/Src/stm32f4xx_hal_spi.o
                0x00000000080027ec                HAL_SPI_Init
 .text.HAL_SPI_Transmit
                0x00000000080028fe      0x278 ./Drivers/STM32F4xx_HAL_Driver/Src/stm32f4xx_hal_spi.o
                0x00000000080028fe                HAL_SPI_Transmit
 *fill*         0x0000000008002b76        0x2 
 .text.SPI_WaitFlagStateUntilTimeout
                0x0000000008002b78      0x110 ./Drivers/STM32F4xx_HAL_Driver/Src/stm32f4xx_hal_spi.o
 .text.SPI_EndRxTxTransaction
                0x0000000008002c88       0x84 ./Drivers/STM32F4xx_HAL_Driver/Src/stm32f4xx_hal_spi.o
 .text.__libc_init_array
                0x0000000008002d0c       0x48 c:/st/stm32cubeide_1.7.0/stm32cubeide/plugins/com.st.stm32cube.ide.mcu.externaltools.gnu-tools-for-stm32.10.3-2021.10.win32_1.0.0.202111181127/tools/bin/../lib/gcc/arm-none-eabi/10.3.1/../../../../arm-none-eabi/lib/thumb/v7e-m+fp/hard\libc_nano.a(lib_a-init.o)
                0x0000000008002d0c                __libc_init_array
 .text.memset   0x0000000008002d54       0x10 c:/st/stm32cubeide_1.7.0/stm32cubeide/plugins/com.st.stm32cube.ide.mcu.externaltools.gnu-tools-for-stm32.10.3-2021.10.win32_1.0.0.202111181127/tools/bin/../lib/gcc/arm-none-eabi/10.3.1/../../../../arm-none-eabi/lib/thumb/v7e-m+fp/hard\libc_nano.a(lib_a-memset.o)
                0x0000000008002d54                memset
 *(.glue_7)
 .glue_7        0x0000000008002d64        0x0 linker stubs
 *(.glue_7t)
 .glue_7t       0x0000000008002d64        0x0 linker stubs
 *(.eh_frame)
 .eh_frame      0x0000000008002d64        0x0 c:/st/stm32cubeide_1.7.0/stm32cubeide/plugins/com.st.stm32cube.ide.mcu.externaltools.gnu-tools-for-stm32.10.3-2021.10.win32_1.0.0.202111181127/tools/bin/../lib/gcc/arm-none-eabi/10.3.1/thumb/v7e-m+fp/hard/crtbegin.o
 *(.init)
 .init          0x0000000008002d64        0x4 c:/st/stm32cubeide_1.7.0/stm32cubeide/plugins/com.st.stm32cube.ide.mcu.externaltools.gnu-tools-for-stm32.10.3-2021.10.win32_1.0.0.202111181127/tools/bin/../lib/gcc/arm-none-eabi/10.3.1/thumb/v7e-m+fp/hard/crti.o
                0x0000000008002d64                _init
 .init          0x0000000008002d68        0x8 c:/st/stm32cubeide_1.7.0/stm32cubeide/plugins/com.st.stm32cube.ide.mcu.externaltools.gnu-tools-for-stm32.10.3-2021.10.win32_1.0.0.202111181127/tools/bin/../lib/gcc/arm-none-eabi/10.3.1/thumb/v7e-m+fp/hard/crtn.o
 *(.fini)
 .fini          0x0000000008002d70        0x4 c:/st/stm32cubeide_1.7.0/stm32cubeide/plugins/com.st.stm32cube.ide.mcu.externaltools.gnu-tools-for-stm32.10.3-2021.10.win32_1.0.0.202111181127/tools/bin/../lib/gcc/arm-none-eabi/10.3.1/thumb/v7e-m+fp/hard/crti.o
                0x0000000008002d70                _fini
 .fini          0x0000000008002d74        0x8 c:/st/stm32cubeide_1.7.0/stm32cubeide/plugins/com.st.stm32cube.ide.mcu.externaltools.gnu-tools-for-stm32.10.3-2021.10.win32_1.0.0.202111181127/tools/bin/../lib/gcc/arm-none-eabi/10.3.1/thumb/v7e-m+fp/hard/crtn.o
                0x0000000008002d7c                . = ALIGN (0x4)
                0x0000000008002d7c                _etext = .

.vfp11_veneer   0x0000000008002d7c        0x0
 .vfp11_veneer  0x0000000008002d7c        0x0 linker stubs

.v4_bx          0x0000000008002d7c        0x0
 .v4_bx         0x0000000008002d7c        0x0 linker stubs

.iplt           0x0000000008002d7c        0x0
 .iplt          0x0000000008002d7c        0x0 c:/st/stm32cubeide_1.7.0/stm32cubeide/plugins/com.st.stm32cube.ide.mcu.externaltools.gnu-tools-for-stm32.10.3-2021.10.win32_1.0.0.202111181127/tools/bin/../lib/gcc/arm-none-eabi/10.3.1/thumb/v7e-m+fp/hard/crtbegin.o

.rodata         0x0000000008002d7c      0xde4
                0x0000000008002d7c                . = ALIGN (0x4)
 *(.rodata)
 *(.rodata*)
 .rodata.Font11x18
                0x0000000008002d7c      0xd5c ./Core/Src/fonts.o
 .rodata.init_cmds1
                0x0000000008003ad8       0x3b ./Core/Src/st7735.o
 *fill*         0x0000000008003b13        0x1 
 .rodata.init_cmds2
                0x0000000008003b14        0xd ./Core/Src/st7735.o
 *fill*         0x0000000008003b21        0x3 
 .rodata.init_cmds3
                0x0000000008003b24       0x2b ./Core/Src/st7735.o
 *fill*         0x0000000008003b4f        0x1 
 .rodata.AHBPrescTable
                0x0000000008003b50       0x10 ./Core/Src/system_stm32f4xx.o
                0x0000000008003b50                AHBPrescTable
                0x0000000008003b60                . = ALIGN (0x4)

.ARM.extab      0x0000000008003b60        0x0
                0x0000000008003b60                . = ALIGN (0x4)
 *(.ARM.extab* .gnu.linkonce.armextab.*)
                0x0000000008003b60                . = ALIGN (0x4)

.ARM            0x0000000008003b60        0x8
                0x0000000008003b60                . = ALIGN (0x4)
                0x0000000008003b60                __exidx_start = .
 *(.ARM.exidx*)
 .ARM.exidx     0x0000000008003b60        0x8 c:/st/stm32cubeide_1.7.0/stm32cubeide/plugins/com.st.stm32cube.ide.mcu.externaltools.gnu-tools-for-stm32.10.3-2021.10.win32_1.0.0.202111181127/tools/bin/../lib/gcc/arm-none-eabi/10.3.1/thumb/v7e-m+fp/hard\libgcc.a(_udivmoddi4.o)
                0x0000000008003b68                __exidx_end = .
                0x0000000008003b68                . = ALIGN (0x4)

.rel.dyn        0x0000000008003b68        0x0
 .rel.iplt      0x0000000008003b68        0x0 c:/st/stm32cubeide_1.7.0/stm32cubeide/plugins/com.st.stm32cube.ide.mcu.externaltools.gnu-tools-for-stm32.10.3-2021.10.win32_1.0.0.202111181127/tools/bin/../lib/gcc/arm-none-eabi/10.3.1/thumb/v7e-m+fp/hard/crtbegin.o

.preinit_array  0x0000000008003b68        0x0
                0x0000000008003b68                . = ALIGN (0x4)
                0x0000000008003b68                PROVIDE (__preinit_array_start = .)
 *(.preinit_array*)
                0x0000000008003b68                PROVIDE (__preinit_array_end = .)
                0x0000000008003b68                . = ALIGN (0x4)

.init_array     0x0000000008003b68        0x4
                0x0000000008003b68                . = ALIGN (0x4)
                0x0000000008003b68                PROVIDE (__init_array_start = .)
 *(SORT_BY_NAME(.init_array.*))
 *(.init_array*)
 .init_array    0x0000000008003b68        0x4 c:/st/stm32cubeide_1.7.0/stm32cubeide/plugins/com.st.stm32cube.ide.mcu.externaltools.gnu-tools-for-stm32.10.3-2021.10.win32_1.0.0.202111181127/tools/bin/../lib/gcc/arm-none-eabi/10.3.1/thumb/v7e-m+fp/hard/crtbegin.o
                0x0000000008003b6c                PROVIDE (__init_array_end = .)
                0x0000000008003b6c                . = ALIGN (0x4)

.fini_array     0x0000000008003b6c        0x4
                0x0000000008003b6c                . = ALIGN (0x4)
                [!provide]                        PROVIDE (__fini_array_start = .)
 *(SORT_BY_NAME(.fini_array.*))
 *(.fini_array*)
 .fini_array    0x0000000008003b6c        0x4 c:/st/stm32cubeide_1.7.0/stm32cubeide/plugins/com.st.stm32cube.ide.mcu.externaltools.gnu-tools-for-stm32.10.3-2021.10.win32_1.0.0.202111181127/tools/bin/../lib/gcc/arm-none-eabi/10.3.1/thumb/v7e-m+fp/hard/crtbegin.o
                [!provide]                        PROVIDE (__fini_array_end = .)
                0x0000000008003b70                . = ALIGN (0x4)
                0x0000000008003b70                _sidata = LOADADDR (.data)

.data           0x0000000020000000       0x34 load address 0x0000000008003b70
                0x0000000020000000                . = ALIGN (0x4)
                0x0000000020000000                _sdata = .
 *(.data)
 *(.data*)
 .data.ARRHighLevelSignal
                0x0000000020000000        0x2 ./Core/Src/HeatingControl.o
                0x0000000020000000                ARRHighLevelSignal
 .data.ARRLowLevelSignal
                0x0000000020000002        0x2 ./Core/Src/HeatingControl.o
                0x0000000020000002                ARRLowLevelSignal
 .data.PSCHighLevelSignal
                0x0000000020000004        0x2 ./Core/Src/HeatingControl.o
                0x0000000020000004                PSCHighLevelSignal
 .data.PSCLowLevelSignal
                0x0000000020000006        0x2 ./Core/Src/HeatingControl.o
                0x0000000020000006                PSCLowLevelSignal
 .data.TemperatureIsCorrect
                0x0000000020000008        0x1 ./Core/Src/UsartProtocol.o
                0x0000000020000008                TemperatureIsCorrect
 *fill*         0x0000000020000009        0x3 
 .data.Font_11x18
                0x000000002000000c        0x8 ./Core/Src/fonts.o
                0x000000002000000c                Font_11x18
 .data._height  0x0000000020000014        0x2 ./Core/Src/st7735.o
 .data._width   0x0000000020000016        0x2 ./Core/Src/st7735.o
 .data.hello    0x0000000020000018        0x8 ./Core/Src/st7735.o
                0x0000000020000018                hello
 .data.buffTemp
                0x0000000020000020        0x7 ./Core/Src/st7735.o
                0x0000000020000020                buffTemp
 *fill*         0x0000000020000027        0x1 
 .data.SystemCoreClock
                0x0000000020000028        0x4 ./Core/Src/system_stm32f4xx.o
                0x0000000020000028                SystemCoreClock
 .data.uwTickPrio
                0x000000002000002c        0x4 ./Drivers/STM32F4xx_HAL_Driver/Src/stm32f4xx_hal.o
                0x000000002000002c                uwTickPrio
 .data.uwTickFreq
                0x0000000020000030        0x1 ./Drivers/STM32F4xx_HAL_Driver/Src/stm32f4xx_hal.o
                0x0000000020000030                uwTickFreq
 *(.RamFunc)
 *(.RamFunc*)
                0x0000000020000034                . = ALIGN (0x4)
 *fill*         0x0000000020000031        0x3 
                0x0000000020000034                _edata = .

.igot.plt       0x0000000020000034        0x0 load address 0x0000000008003ba4
 .igot.plt      0x0000000020000034        0x0 c:/st/stm32cubeide_1.7.0/stm32cubeide/plugins/com.st.stm32cube.ide.mcu.externaltools.gnu-tools-for-stm32.10.3-2021.10.win32_1.0.0.202111181127/tools/bin/../lib/gcc/arm-none-eabi/10.3.1/thumb/v7e-m+fp/hard/crtbegin.o
                0x0000000020000034                . = ALIGN (0x4)

.bss            0x0000000020000034       0xe8 load address 0x0000000008003ba4
                0x0000000020000034                _sbss = .
                0x0000000020000034                __bss_start__ = _sbss
 *(.bss)
 .bss           0x0000000020000034       0x1c c:/st/stm32cubeide_1.7.0/stm32cubeide/plugins/com.st.stm32cube.ide.mcu.externaltools.gnu-tools-for-stm32.10.3-2021.10.win32_1.0.0.202111181127/tools/bin/../lib/gcc/arm-none-eabi/10.3.1/thumb/v7e-m+fp/hard/crtbegin.o
 *(.bss*)
 .bss.offOnDiod
                0x0000000020000050        0x1 ./Core/Src/HeatingControl.o
                0x0000000020000050                offOnDiod
 *fill*         0x0000000020000051        0x3 
 .bss.countdownHeatingTime
                0x0000000020000054        0x4 ./Core/Src/HeatingControl.o
                0x0000000020000054                countdownHeatingTime
 .bss.ControllerError
                0x0000000020000058        0x1 ./Core/Src/HeatingControl.o
                0x0000000020000058                ControllerError
 .bss.state_Control_Device
                0x0000000020000059        0x1 ./Core/Src/UsartProtocol.o
                0x0000000020000059                state_Control_Device
 *fill*         0x000000002000005a        0x2 
 .bss.stringWithReceivedData
                0x000000002000005c        0x8 ./Core/Src/UsartProtocol.o
                0x000000002000005c                stringWithReceivedData
 .bss.flugOfEndCommand
                0x0000000020000064        0x1 ./Core/Src/UsartProtocol.o
                0x0000000020000064                flugOfEndCommand
 .bss.commandCheckFlag
                0x0000000020000065        0x1 ./Core/Src/UsartProtocol.o
                0x0000000020000065                commandCheckFlag
 *fill*         0x0000000020000066        0x2 
 .bss.stringWithCommand
                0x0000000020000068       0x20 ./Core/Src/UsartProtocol.o
                0x0000000020000068                stringWithCommand
 .bss.buffStringWithCommand
                0x0000000020000088       0x20 ./Core/Src/UsartProtocol.o
                0x0000000020000088                buffStringWithCommand
 .bss.counterTXGetByte
                0x00000000200000a8        0x1 ./Core/Src/UsartProtocol.o
                0x00000000200000a8                counterTXGetByte
 *fill*         0x00000000200000a9        0x3 
 .bss.numberCommand
                0x00000000200000ac        0x4 ./Core/Src/UsartProtocol.o
                0x00000000200000ac                numberCommand
 .bss.TimeFromBuffer
                0x00000000200000b0        0x4 ./Core/Src/UsartProtocol.o
                0x00000000200000b0                TimeFromBuffer
 .bss.TemperatureFromBuffer
                0x00000000200000b4        0x2 ./Core/Src/UsartProtocol.o
                0x00000000200000b4                TemperatureFromBuffer
 *fill*         0x00000000200000b6        0x2 
 .bss.SensorTemperature
                0x00000000200000b8        0x4 ./Core/Src/ds18b20.o
                0x00000000200000b8                SensorTemperature
 .bss.hspi1     0x00000000200000bc       0x58 ./Core/Src/main.o
                0x00000000200000bc                hspi1
 .bss._xstart   0x0000000020000114        0x1 ./Core/Src/st7735.o
 .bss._ystart   0x0000000020000115        0x1 ./Core/Src/st7735.o
 *fill*         0x0000000020000116        0x2 
 .bss.uwTick    0x0000000020000118        0x4 ./Drivers/STM32F4xx_HAL_Driver/Src/stm32f4xx_hal.o
                0x0000000020000118                uwTick
 *(COMMON)
                0x000000002000011c                . = ALIGN (0x4)
                0x000000002000011c                _ebss = .
                0x000000002000011c                __bss_end__ = _ebss

._user_heap_stack
                0x000000002000011c      0x604 load address 0x0000000008003ba4
                0x0000000020000120                . = ALIGN (0x8)
 *fill*         0x000000002000011c        0x4 
                [!provide]                        PROVIDE (end = .)
                0x0000000020000120                PROVIDE (_end = .)
                0x0000000020000320                . = (. + _Min_Heap_Size)
 *fill*         0x0000000020000120      0x200 
                0x0000000020000720                . = (. + _Min_Stack_Size)
 *fill*         0x0000000020000320      0x400 
                0x0000000020000720                . = ALIGN (0x8)

/DISCARD/
 libc.a(*)
 libm.a(*)
 libgcc.a(*)

.ARM.attributes
                0x0000000000000000       0x30
 *(.ARM.attributes)
 .ARM.attributes
                0x0000000000000000       0x1e c:/st/stm32cubeide_1.7.0/stm32cubeide/plugins/com.st.stm32cube.ide.mcu.externaltools.gnu-tools-for-stm32.10.3-2021.10.win32_1.0.0.202111181127/tools/bin/../lib/gcc/arm-none-eabi/10.3.1/thumb/v7e-m+fp/hard/crti.o
 .ARM.attributes
                0x000000000000001e       0x34 c:/st/stm32cubeide_1.7.0/stm32cubeide/plugins/com.st.stm32cube.ide.mcu.externaltools.gnu-tools-for-stm32.10.3-2021.10.win32_1.0.0.202111181127/tools/bin/../lib/gcc/arm-none-eabi/10.3.1/thumb/v7e-m+fp/hard/crtbegin.o
 .ARM.attributes
                0x0000000000000052       0x34 ./Core/Src/HeatingControl.o
 .ARM.attributes
                0x0000000000000086       0x34 ./Core/Src/UsartProtocol.o
 .ARM.attributes
                0x00000000000000ba       0x34 ./Core/Src/ds18b20.o
 .ARM.attributes
                0x00000000000000ee       0x34 ./Core/Src/fonts.o
 .ARM.attributes
                0x0000000000000122       0x34 ./Core/Src/main.o
 .ARM.attributes
                0x0000000000000156       0x34 ./Core/Src/st7735.o
 .ARM.attributes
                0x000000000000018a       0x34 ./Core/Src/stm32f4xx_hal_msp.o
 .ARM.attributes
                0x00000000000001be       0x34 ./Core/Src/stm32f4xx_it.o
 .ARM.attributes
                0x00000000000001f2       0x34 ./Core/Src/system_stm32f4xx.o
 .ARM.attributes
                0x0000000000000226       0x21 ./Core/Startup/startup_stm32f401vctx.o
 .ARM.attributes
                0x0000000000000247       0x34 ./Drivers/STM32F4xx_HAL_Driver/Src/stm32f4xx_hal.o
 .ARM.attributes
                0x000000000000027b       0x34 ./Drivers/STM32F4xx_HAL_Driver/Src/stm32f4xx_hal_cortex.o
 .ARM.attributes
                0x00000000000002af       0x34 ./Drivers/STM32F4xx_HAL_Driver/Src/stm32f4xx_hal_gpio.o
 .ARM.attributes
                0x00000000000002e3       0x34 ./Drivers/STM32F4xx_HAL_Driver/Src/stm32f4xx_hal_rcc.o
 .ARM.attributes
                0x0000000000000317       0x34 ./Drivers/STM32F4xx_HAL_Driver/Src/stm32f4xx_hal_spi.o
 .ARM.attributes
                0x000000000000034b       0x34 c:/st/stm32cubeide_1.7.0/stm32cubeide/plugins/com.st.stm32cube.ide.mcu.externaltools.gnu-tools-for-stm32.10.3-2021.10.win32_1.0.0.202111181127/tools/bin/../lib/gcc/arm-none-eabi/10.3.1/../../../../arm-none-eabi/lib/thumb/v7e-m+fp/hard\libc_nano.a(lib_a-init.o)
 .ARM.attributes
                0x000000000000037f       0x34 c:/st/stm32cubeide_1.7.0/stm32cubeide/plugins/com.st.stm32cube.ide.mcu.externaltools.gnu-tools-for-stm32.10.3-2021.10.win32_1.0.0.202111181127/tools/bin/../lib/gcc/arm-none-eabi/10.3.1/../../../../arm-none-eabi/lib/thumb/v7e-m+fp/hard\libc_nano.a(lib_a-memset.o)
 .ARM.attributes
                0x00000000000003b3       0x1e c:/st/stm32cubeide_1.7.0/stm32cubeide/plugins/com.st.stm32cube.ide.mcu.externaltools.gnu-tools-for-stm32.10.3-2021.10.win32_1.0.0.202111181127/tools/bin/../lib/gcc/arm-none-eabi/10.3.1/thumb/v7e-m+fp/hard\libgcc.a(_aeabi_uldivmod.o)
 .ARM.attributes
                0x00000000000003d1       0x34 c:/st/stm32cubeide_1.7.0/stm32cubeide/plugins/com.st.stm32cube.ide.mcu.externaltools.gnu-tools-for-stm32.10.3-2021.10.win32_1.0.0.202111181127/tools/bin/../lib/gcc/arm-none-eabi/10.3.1/thumb/v7e-m+fp/hard\libgcc.a(_udivmoddi4.o)
 .ARM.attributes
                0x0000000000000405       0x1e c:/st/stm32cubeide_1.7.0/stm32cubeide/plugins/com.st.stm32cube.ide.mcu.externaltools.gnu-tools-for-stm32.10.3-2021.10.win32_1.0.0.202111181127/tools/bin/../lib/gcc/arm-none-eabi/10.3.1/thumb/v7e-m+fp/hard\libgcc.a(_dvmd_tls.o)
 .ARM.attributes
                0x0000000000000423       0x1e c:/st/stm32cubeide_1.7.0/stm32cubeide/plugins/com.st.stm32cube.ide.mcu.externaltools.gnu-tools-for-stm32.10.3-2021.10.win32_1.0.0.202111181127/tools/bin/../lib/gcc/arm-none-eabi/10.3.1/thumb/v7e-m+fp/hard/crtn.o
OUTPUT(BurnerGuineaPig.elf elf32-littlearm)
LOAD linker stubs
LOAD c:/st/stm32cubeide_1.7.0/stm32cubeide/plugins/com.st.stm32cube.ide.mcu.externaltools.gnu-tools-for-stm32.10.3-2021.10.win32_1.0.0.202111181127/tools/bin/../lib/gcc/arm-none-eabi/10.3.1/../../../../arm-none-eabi/lib/thumb/v7e-m+fp/hard\libc.a
LOAD c:/st/stm32cubeide_1.7.0/stm32cubeide/plugins/com.st.stm32cube.ide.mcu.externaltools.gnu-tools-for-stm32.10.3-2021.10.win32_1.0.0.202111181127/tools/bin/../lib/gcc/arm-none-eabi/10.3.1/../../../../arm-none-eabi/lib/thumb/v7e-m+fp/hard\libm.a
LOAD c:/st/stm32cubeide_1.7.0/stm32cubeide/plugins/com.st.stm32cube.ide.mcu.externaltools.gnu-tools-for-stm32.10.3-2021.10.win32_1.0.0.202111181127/tools/bin/../lib/gcc/arm-none-eabi/10.3.1/thumb/v7e-m+fp/hard\libgcc.a

.debug_info     0x0000000000000000     0xa210
 .debug_info    0x0000000000000000      0x9b7 ./Core/Src/HeatingControl.o
 .debug_info    0x00000000000009b7      0x9ea ./Core/Src/UsartProtocol.o
 .debug_info    0x00000000000013a1      0x498 ./Core/Src/ds18b20.o
 .debug_info    0x0000000000001839      0x1dd ./Core/Src/fonts.o
 .debug_info    0x0000000000001a16     0x119d ./Core/Src/main.o
 .debug_info    0x0000000000002bb3     0x1b12 ./Core/Src/st7735.o
 .debug_info    0x00000000000046c5     0x1232 ./Core/Src/stm32f4xx_hal_msp.o
 .debug_info    0x00000000000058f7      0x4b1 ./Core/Src/stm32f4xx_it.o
 .debug_info    0x0000000000005da8      0x54f ./Core/Src/system_stm32f4xx.o
 .debug_info    0x00000000000062f7       0x22 ./Core/Startup/startup_stm32f401vctx.o
 .debug_info    0x0000000000006319      0x907 ./Drivers/STM32F4xx_HAL_Driver/Src/stm32f4xx_hal.o
 .debug_info    0x0000000000006c20      0xd85 ./Drivers/STM32F4xx_HAL_Driver/Src/stm32f4xx_hal_cortex.o
 .debug_info    0x00000000000079a5      0x78e ./Drivers/STM32F4xx_HAL_Driver/Src/stm32f4xx_hal_gpio.o
 .debug_info    0x0000000000008133      0x98d ./Drivers/STM32F4xx_HAL_Driver/Src/stm32f4xx_hal_rcc.o
 .debug_info    0x0000000000008ac0     0x1750 ./Drivers/STM32F4xx_HAL_Driver/Src/stm32f4xx_hal_spi.o

.debug_abbrev   0x0000000000000000     0x1c8a
 .debug_abbrev  0x0000000000000000      0x1d6 ./Core/Src/HeatingControl.o
 .debug_abbrev  0x00000000000001d6      0x259 ./Core/Src/UsartProtocol.o
 .debug_abbrev  0x000000000000042f      0x1f1 ./Core/Src/ds18b20.o
 .debug_abbrev  0x0000000000000620       0xbe ./Core/Src/fonts.o
 .debug_abbrev  0x00000000000006de      0x294 ./Core/Src/main.o
 .debug_abbrev  0x0000000000000972      0x2be ./Core/Src/st7735.o
 .debug_abbrev  0x0000000000000c30      0x1c5 ./Core/Src/stm32f4xx_hal_msp.o
 .debug_abbrev  0x0000000000000df5      0x13d ./Core/Src/stm32f4xx_it.o
 .debug_abbrev  0x0000000000000f32      0x116 ./Core/Src/system_stm32f4xx.o
 .debug_abbrev  0x0000000000001048       0x12 ./Core/Startup/startup_stm32f401vctx.o
 .debug_abbrev  0x000000000000105a      0x23e ./Drivers/STM32F4xx_HAL_Driver/Src/stm32f4xx_hal.o
 .debug_abbrev  0x0000000000001298      0x316 ./Drivers/STM32F4xx_HAL_Driver/Src/stm32f4xx_hal_cortex.o
 .debug_abbrev  0x00000000000015ae      0x1c4 ./Drivers/STM32F4xx_HAL_Driver/Src/stm32f4xx_hal_gpio.o
 .debug_abbrev  0x0000000000001772      0x2aa ./Drivers/STM32F4xx_HAL_Driver/Src/stm32f4xx_hal_rcc.o
 .debug_abbrev  0x0000000000001a1c      0x26e ./Drivers/STM32F4xx_HAL_Driver/Src/stm32f4xx_hal_spi.o

.debug_aranges  0x0000000000000000      0x8e0
 .debug_aranges
                0x0000000000000000       0x80 ./Core/Src/HeatingControl.o
 .debug_aranges
                0x0000000000000080       0x80 ./Core/Src/UsartProtocol.o
 .debug_aranges
                0x0000000000000100       0x80 ./Core/Src/ds18b20.o
 .debug_aranges
                0x0000000000000180       0x18 ./Core/Src/fonts.o
 .debug_aranges
                0x0000000000000198       0x48 ./Core/Src/main.o
 .debug_aranges
                0x00000000000001e0      0x130 ./Core/Src/st7735.o
 .debug_aranges
                0x0000000000000310       0x50 ./Core/Src/stm32f4xx_hal_msp.o
 .debug_aranges
                0x0000000000000360       0x78 ./Core/Src/stm32f4xx_it.o
 .debug_aranges
                0x00000000000003d8       0x28 ./Core/Src/system_stm32f4xx.o
 .debug_aranges
                0x0000000000000400       0x28 ./Core/Startup/startup_stm32f401vctx.o
 .debug_aranges
                0x0000000000000428       0xf0 ./Drivers/STM32F4xx_HAL_Driver/Src/stm32f4xx_hal.o
 .debug_aranges
                0x0000000000000518      0x118 ./Drivers/STM32F4xx_HAL_Driver/Src/stm32f4xx_hal_cortex.o
 .debug_aranges
                0x0000000000000630       0x58 ./Drivers/STM32F4xx_HAL_Driver/Src/stm32f4xx_hal_gpio.o
 .debug_aranges
                0x0000000000000688       0x88 ./Drivers/STM32F4xx_HAL_Driver/Src/stm32f4xx_hal_rcc.o
 .debug_aranges
                0x0000000000000710      0x1d0 ./Drivers/STM32F4xx_HAL_Driver/Src/stm32f4xx_hal_spi.o

.debug_ranges   0x0000000000000000      0x7f0
 .debug_ranges  0x0000000000000000       0x70 ./Core/Src/HeatingControl.o
 .debug_ranges  0x0000000000000070       0x70 ./Core/Src/UsartProtocol.o
 .debug_ranges  0x00000000000000e0       0x70 ./Core/Src/ds18b20.o
 .debug_ranges  0x0000000000000150       0x38 ./Core/Src/main.o
 .debug_ranges  0x0000000000000188      0x120 ./Core/Src/st7735.o
 .debug_ranges  0x00000000000002a8       0x40 ./Core/Src/stm32f4xx_hal_msp.o
 .debug_ranges  0x00000000000002e8       0x68 ./Core/Src/stm32f4xx_it.o
 .debug_ranges  0x0000000000000350       0x18 ./Core/Src/system_stm32f4xx.o
 .debug_ranges  0x0000000000000368       0x20 ./Core/Startup/startup_stm32f401vctx.o
 .debug_ranges  0x0000000000000388       0xe0 ./Drivers/STM32F4xx_HAL_Driver/Src/stm32f4xx_hal.o
 .debug_ranges  0x0000000000000468      0x108 ./Drivers/STM32F4xx_HAL_Driver/Src/stm32f4xx_hal_cortex.o
 .debug_ranges  0x0000000000000570       0x48 ./Drivers/STM32F4xx_HAL_Driver/Src/stm32f4xx_hal_gpio.o
 .debug_ranges  0x00000000000005b8       0x78 ./Drivers/STM32F4xx_HAL_Driver/Src/stm32f4xx_hal_rcc.o
 .debug_ranges  0x0000000000000630      0x1c0 ./Drivers/STM32F4xx_HAL_Driver/Src/stm32f4xx_hal_spi.o

.debug_macro    0x0000000000000000    0x16e39
 .debug_macro   0x0000000000000000      0x201 ./Core/Src/HeatingControl.o
 .debug_macro   0x0000000000000201      0xa78 ./Core/Src/HeatingControl.o
 .debug_macro   0x0000000000000c79      0x2a1 ./Core/Src/HeatingControl.o
 .debug_macro   0x0000000000000f1a       0x2e ./Core/Src/HeatingControl.o
 .debug_macro   0x0000000000000f48       0x28 ./Core/Src/HeatingControl.o
 .debug_macro   0x0000000000000f70       0x22 ./Core/Src/HeatingControl.o
 .debug_macro   0x0000000000000f92       0x8e ./Core/Src/HeatingControl.o
 .debug_macro   0x0000000000001020       0x51 ./Core/Src/HeatingControl.o
 .debug_macro   0x0000000000001071      0x103 ./Core/Src/HeatingControl.o
 .debug_macro   0x0000000000001174       0x6a ./Core/Src/HeatingControl.o
 .debug_macro   0x00000000000011de      0x1df ./Core/Src/HeatingControl.o
 .debug_macro   0x00000000000013bd       0x1c ./Core/Src/HeatingControl.o
 .debug_macro   0x00000000000013d9       0x22 ./Core/Src/HeatingControl.o
 .debug_macro   0x00000000000013fb       0xd9 ./Core/Src/HeatingControl.o
 .debug_macro   0x00000000000014d4     0x102d ./Core/Src/HeatingControl.o
 .debug_macro   0x0000000000002501      0x11f ./Core/Src/HeatingControl.o
 .debug_macro   0x0000000000002620     0xb86c ./Core/Src/HeatingControl.o
 .debug_macro   0x000000000000de8c       0x6d ./Core/Src/HeatingControl.o
 .debug_macro   0x000000000000def9     0x3666 ./Core/Src/HeatingControl.o
 .debug_macro   0x000000000001155f      0x174 ./Core/Src/HeatingControl.o
 .debug_macro   0x00000000000116d3       0x5c ./Core/Src/HeatingControl.o
 .debug_macro   0x000000000001172f      0x416 ./Core/Src/HeatingControl.o
 .debug_macro   0x0000000000011b45      0x9fe ./Core/Src/HeatingControl.o
 .debug_macro   0x0000000000012543      0x116 ./Core/Src/HeatingControl.o
 .debug_macro   0x0000000000012659       0xf8 ./Core/Src/HeatingControl.o
 .debug_macro   0x0000000000012751       0xa5 ./Core/Src/HeatingControl.o
 .debug_macro   0x00000000000127f6      0x15f ./Core/Src/HeatingControl.o
 .debug_macro   0x0000000000012955      0x287 ./Core/Src/HeatingControl.o
 .debug_macro   0x0000000000012bdc       0x5f ./Core/Src/HeatingControl.o
 .debug_macro   0x0000000000012c3b      0x236 ./Core/Src/HeatingControl.o
 .debug_macro   0x0000000000012e71      0x132 ./Core/Src/HeatingControl.o
 .debug_macro   0x0000000000012fa3      0x23a ./Core/Src/HeatingControl.o
 .debug_macro   0x00000000000131dd       0x2e ./Core/Src/HeatingControl.o
 .debug_macro   0x000000000001320b      0x11a ./Core/Src/HeatingControl.o
 .debug_macro   0x0000000000013325       0x85 ./Core/Src/HeatingControl.o
 .debug_macro   0x00000000000133aa       0x89 ./Core/Src/HeatingControl.o
 .debug_macro   0x0000000000013433      0x225 ./Core/Src/HeatingControl.o
 .debug_macro   0x0000000000013658      0x8d1 ./Core/Src/HeatingControl.o
 .debug_macro   0x0000000000013f29       0x47 ./Core/Src/HeatingControl.o
 .debug_macro   0x0000000000013f70      0x295 ./Core/Src/HeatingControl.o
 .debug_macro   0x0000000000014205      0x126 ./Core/Src/HeatingControl.o
 .debug_macro   0x000000000001432b       0x3a ./Core/Src/HeatingControl.o
 .debug_macro   0x0000000000014365       0x10 ./Core/Src/HeatingControl.o
 .debug_macro   0x0000000000014375       0x28 ./Core/Src/HeatingControl.o
 .debug_macro   0x000000000001439d      0x31c ./Core/Src/UsartProtocol.o
 .debug_macro   0x00000000000146b9       0x52 ./Core/Src/UsartProtocol.o
 .debug_macro   0x000000000001470b       0x1e ./Core/Src/UsartProtocol.o
 .debug_macro   0x0000000000014729       0x3c ./Core/Src/UsartProtocol.o
 .debug_macro   0x0000000000014765       0x34 ./Core/Src/UsartProtocol.o
 .debug_macro   0x0000000000014799       0x16 ./Core/Src/UsartProtocol.o
 .debug_macro   0x00000000000147af       0x43 ./Core/Src/UsartProtocol.o
 .debug_macro   0x00000000000147f2       0x34 ./Core/Src/UsartProtocol.o
 .debug_macro   0x0000000000014826       0x10 ./Core/Src/UsartProtocol.o
 .debug_macro   0x0000000000014836       0x58 ./Core/Src/UsartProtocol.o
 .debug_macro   0x000000000001488e       0x71 ./Core/Src/UsartProtocol.o
 .debug_macro   0x00000000000148ff       0x1c ./Core/Src/UsartProtocol.o
 .debug_macro   0x000000000001491b      0x12a ./Core/Src/UsartProtocol.o
 .debug_macro   0x0000000000014a45      0x341 ./Core/Src/UsartProtocol.o
 .debug_macro   0x0000000000014d86       0x10 ./Core/Src/UsartProtocol.o
 .debug_macro   0x0000000000014d96       0x35 ./Core/Src/UsartProtocol.o
 .debug_macro   0x0000000000014dcb       0x20 ./Core/Src/UsartProtocol.o
 .debug_macro   0x0000000000014deb       0x16 ./Core/Src/UsartProtocol.o
 .debug_macro   0x0000000000014e01       0x16 ./Core/Src/UsartProtocol.o
 .debug_macro   0x0000000000014e17       0x29 ./Core/Src/UsartProtocol.o
 .debug_macro   0x0000000000014e40       0x28 ./Core/Src/UsartProtocol.o
 .debug_macro   0x0000000000014e68      0x318 ./Core/Src/ds18b20.o
 .debug_macro   0x0000000000015180       0x6d ./Core/Src/fonts.o
 .debug_macro   0x00000000000151ed      0x387 ./Core/Src/main.o
 .debug_macro   0x0000000000015574       0x3a ./Core/Src/main.o
 .debug_macro   0x00000000000155ae       0x22 ./Core/Src/main.o
 .debug_macro   0x00000000000155d0      0x19f ./Core/Src/main.o
 .debug_macro   0x000000000001576f       0x16 ./Core/Src/main.o
 .debug_macro   0x0000000000015785       0x10 ./Core/Src/main.o
 .debug_macro   0x0000000000015795       0x10 ./Core/Src/main.o
 .debug_macro   0x00000000000157a5       0x1c ./Core/Src/main.o
 .debug_macro   0x00000000000157c1       0x52 ./Core/Src/main.o
 .debug_macro   0x0000000000015813       0x22 ./Core/Src/main.o
 .debug_macro   0x0000000000015835       0x10 ./Core/Src/main.o
 .debug_macro   0x0000000000015845       0x52 ./Core/Src/main.o
 .debug_macro   0x0000000000015897       0xd5 ./Core/Src/main.o
 .debug_macro   0x000000000001596c       0x1c ./Core/Src/main.o
 .debug_macro   0x0000000000015988       0x3d ./Core/Src/main.o
 .debug_macro   0x00000000000159c5       0x16 ./Core/Src/main.o
 .debug_macro   0x00000000000159db      0x145 ./Core/Src/main.o
 .debug_macro   0x0000000000015b20      0x334 ./Core/Src/st7735.o
 .debug_macro   0x0000000000015e54       0x34 ./Core/Src/st7735.o
 .debug_macro   0x0000000000015e88      0x1fd ./Core/Src/stm32f4xx_hal_msp.o
 .debug_macro   0x0000000000016085      0x20b ./Core/Src/stm32f4xx_it.o
 .debug_macro   0x0000000000016290      0x1d8 ./Core/Src/system_stm32f4xx.o
 .debug_macro   0x0000000000016468      0x238 ./Drivers/STM32F4xx_HAL_Driver/Src/stm32f4xx_hal.o
 .debug_macro   0x00000000000166a0      0x1d8 ./Drivers/STM32F4xx_HAL_Driver/Src/stm32f4xx_hal_cortex.o
 .debug_macro   0x0000000000016878      0x1de ./Drivers/STM32F4xx_HAL_Driver/Src/stm32f4xx_hal_gpio.o
 .debug_macro   0x0000000000016a56      0x1fc ./Drivers/STM32F4xx_HAL_Driver/Src/stm32f4xx_hal_rcc.o
 .debug_macro   0x0000000000016c52      0x1e7 ./Drivers/STM32F4xx_HAL_Driver/Src/stm32f4xx_hal_spi.o

.debug_line     0x0000000000000000     0xa59c
 .debug_line    0x0000000000000000      0x97c ./Core/Src/HeatingControl.o
 .debug_line    0x000000000000097c      0xba6 ./Core/Src/UsartProtocol.o
 .debug_line    0x0000000000001522      0xb2b ./Core/Src/ds18b20.o
 .debug_line    0x000000000000204d      0x37b ./Core/Src/fonts.o
 .debug_line    0x00000000000023c8      0xa6c ./Core/Src/main.o
 .debug_line    0x0000000000002e34     0x14e5 ./Core/Src/st7735.o
 .debug_line    0x0000000000004319      0x7ce ./Core/Src/stm32f4xx_hal_msp.o
 .debug_line    0x0000000000004ae7      0x864 ./Core/Src/stm32f4xx_it.o
 .debug_line    0x000000000000534b      0x750 ./Core/Src/system_stm32f4xx.o
 .debug_line    0x0000000000005a9b       0x88 ./Core/Startup/startup_stm32f401vctx.o
 .debug_line    0x0000000000005b23      0x9b6 ./Drivers/STM32F4xx_HAL_Driver/Src/stm32f4xx_hal.o
 .debug_line    0x00000000000064d9      0xc65 ./Drivers/STM32F4xx_HAL_Driver/Src/stm32f4xx_hal_cortex.o
 .debug_line    0x000000000000713e      0xaf0 ./Drivers/STM32F4xx_HAL_Driver/Src/stm32f4xx_hal_gpio.o
 .debug_line    0x0000000000007c2e      0xd30 ./Drivers/STM32F4xx_HAL_Driver/Src/stm32f4xx_hal_rcc.o
 .debug_line    0x000000000000895e     0x1c3e ./Drivers/STM32F4xx_HAL_Driver/Src/stm32f4xx_hal_spi.o

.debug_str      0x0000000000000000    0x8e5be
 .debug_str     0x0000000000000000    0x875c6 ./Core/Src/HeatingControl.o
                                      0x878c1 (size before relaxing)
 .debug_str     0x00000000000875c6     0x31b0 ./Core/Src/UsartProtocol.o
                                      0x8a920 (size before relaxing)
 .debug_str     0x000000000008a776      0x14a ./Core/Src/ds18b20.o
                                      0x8a2c3 (size before relaxing)
 .debug_str     0x000000000008a8c0       0x93 ./Core/Src/fonts.o
                                       0x3cb1 (size before relaxing)
 .debug_str     0x000000000008a953     0x200b ./Core/Src/main.o
                                      0x8c1d9 (size before relaxing)
 .debug_str     0x000000000008c95e      0x65a ./Core/Src/st7735.o
                                      0x8b3a6 (size before relaxing)
 .debug_str     0x000000000008cfb8      0x24c ./Core/Src/stm32f4xx_hal_msp.o
                                      0x8801c (size before relaxing)
 .debug_str     0x000000000008d204       0xe9 ./Core/Src/stm32f4xx_it.o
                                      0x873b5 (size before relaxing)
 .debug_str     0x000000000008d2ed       0xcb ./Core/Src/system_stm32f4xx.o
                                      0x871ed (size before relaxing)
 .debug_str     0x000000000008d3b8       0x36 ./Core/Startup/startup_stm32f401vctx.o
                                         0x7c (size before relaxing)
 .debug_str     0x000000000008d3ee      0x603 ./Drivers/STM32F4xx_HAL_Driver/Src/stm32f4xx_hal.o
                                      0x87c0f (size before relaxing)
 .debug_str     0x000000000008d9f1      0x2f2 ./Drivers/STM32F4xx_HAL_Driver/Src/stm32f4xx_hal_cortex.o
                                      0x87930 (size before relaxing)
 .debug_str     0x000000000008dce3      0x121 ./Drivers/STM32F4xx_HAL_Driver/Src/stm32f4xx_hal_gpio.o
                                      0x87368 (size before relaxing)
 .debug_str     0x000000000008de04      0x233 ./Drivers/STM32F4xx_HAL_Driver/Src/stm32f4xx_hal_rcc.o
                                      0x87621 (size before relaxing)
 .debug_str     0x000000000008e037      0x587 ./Drivers/STM32F4xx_HAL_Driver/Src/stm32f4xx_hal_spi.o
                                      0x87a9f (size before relaxing)

.comment        0x0000000000000000       0x50
 .comment       0x0000000000000000       0x50 ./Core/Src/HeatingControl.o
                                         0x51 (size before relaxing)
 .comment       0x0000000000000050       0x51 ./Core/Src/UsartProtocol.o
 .comment       0x0000000000000050       0x51 ./Core/Src/ds18b20.o
 .comment       0x0000000000000050       0x51 ./Core/Src/fonts.o
 .comment       0x0000000000000050       0x51 ./Core/Src/main.o
 .comment       0x0000000000000050       0x51 ./Core/Src/st7735.o
 .comment       0x0000000000000050       0x51 ./Core/Src/stm32f4xx_hal_msp.o
 .comment       0x0000000000000050       0x51 ./Core/Src/stm32f4xx_it.o
 .comment       0x0000000000000050       0x51 ./Core/Src/system_stm32f4xx.o
 .comment       0x0000000000000050       0x51 ./Drivers/STM32F4xx_HAL_Driver/Src/stm32f4xx_hal.o
 .comment       0x0000000000000050       0x51 ./Drivers/STM32F4xx_HAL_Driver/Src/stm32f4xx_hal_cortex.o
 .comment       0x0000000000000050       0x51 ./Drivers/STM32F4xx_HAL_Driver/Src/stm32f4xx_hal_gpio.o
 .comment       0x0000000000000050       0x51 ./Drivers/STM32F4xx_HAL_Driver/Src/stm32f4xx_hal_rcc.o
 .comment       0x0000000000000050       0x51 ./Drivers/STM32F4xx_HAL_Driver/Src/stm32f4xx_hal_spi.o

.debug_frame    0x0000000000000000     0x2228
 .debug_frame   0x0000000000000000      0x1bc ./Core/Src/HeatingControl.o
 .debug_frame   0x00000000000001bc      0x1b4 ./Core/Src/UsartProtocol.o
 .debug_frame   0x0000000000000370      0x1e4 ./Core/Src/ds18b20.o
 .debug_frame   0x0000000000000554       0xcc ./Core/Src/main.o
 .debug_frame   0x0000000000000620      0x528 ./Core/Src/st7735.o
 .debug_frame   0x0000000000000b48      0x110 ./Core/Src/stm32f4xx_hal_msp.o
 .debug_frame   0x0000000000000c58      0x15c ./Core/Src/stm32f4xx_it.o
 .debug_frame   0x0000000000000db4       0x58 ./Core/Src/system_stm32f4xx.o
 .debug_frame   0x0000000000000e0c      0x374 ./Drivers/STM32F4xx_HAL_Driver/Src/stm32f4xx_hal.o
 .debug_frame   0x0000000000001180      0x498 ./Drivers/STM32F4xx_HAL_Driver/Src/stm32f4xx_hal_cortex.o
 .debug_frame   0x0000000000001618      0x14c ./Drivers/STM32F4xx_HAL_Driver/Src/stm32f4xx_hal_gpio.o
 .debug_frame   0x0000000000001764      0x1f4 ./Drivers/STM32F4xx_HAL_Driver/Src/stm32f4xx_hal_rcc.o
 .debug_frame   0x0000000000001958      0x824 ./Drivers/STM32F4xx_HAL_Driver/Src/stm32f4xx_hal_spi.o
 .debug_frame   0x000000000000217c       0x2c c:/st/stm32cubeide_1.7.0/stm32cubeide/plugins/com.st.stm32cube.ide.mcu.externaltools.gnu-tools-for-stm32.10.3-2021.10.win32_1.0.0.202111181127/tools/bin/../lib/gcc/arm-none-eabi/10.3.1/../../../../arm-none-eabi/lib/thumb/v7e-m+fp/hard\libc_nano.a(lib_a-init.o)
 .debug_frame   0x00000000000021a8       0x20 c:/st/stm32cubeide_1.7.0/stm32cubeide/plugins/com.st.stm32cube.ide.mcu.externaltools.gnu-tools-for-stm32.10.3-2021.10.win32_1.0.0.202111181127/tools/bin/../lib/gcc/arm-none-eabi/10.3.1/../../../../arm-none-eabi/lib/thumb/v7e-m+fp/hard\libc_nano.a(lib_a-memset.o)
 .debug_frame   0x00000000000021c8       0x2c c:/st/stm32cubeide_1.7.0/stm32cubeide/plugins/com.st.stm32cube.ide.mcu.externaltools.gnu-tools-for-stm32.10.3-2021.10.win32_1.0.0.202111181127/tools/bin/../lib/gcc/arm-none-eabi/10.3.1/thumb/v7e-m+fp/hard\libgcc.a(_aeabi_uldivmod.o)
 .debug_frame   0x00000000000021f4       0x34 c:/st/stm32cubeide_1.7.0/stm32cubeide/plugins/com.st.stm32cube.ide.mcu.externaltools.gnu-tools-for-stm32.10.3-2021.10.win32_1.0.0.202111181127/tools/bin/../lib/gcc/arm-none-eabi/10.3.1/thumb/v7e-m+fp/hard\libgcc.a(_udivmoddi4.o)
